INFO 2025-11-26 04:43:41,091 utils 7942 126560225892160 Note: NumExpr detected 20 cores but "NUMEXPR_MAX_THREADS" not set, so enforcing safe limit of 8.
INFO 2025-11-26 04:43:41,091 utils 7942 126560225892160 NumExpr defaulting to 8 threads.
INFO 2025-11-26 04:43:50,902 utils 7983 133014872930112 Note: NumExpr detected 20 cores but "NUMEXPR_MAX_THREADS" not set, so enforcing safe limit of 8.
INFO 2025-11-26 04:43:50,902 utils 7983 133014872930112 NumExpr defaulting to 8 threads.
INFO 2025-11-26 04:43:57,713 utils 8020 124340217558848 Note: NumExpr detected 20 cores but "NUMEXPR_MAX_THREADS" not set, so enforcing safe limit of 8.
INFO 2025-11-26 04:43:57,713 utils 8020 124340217558848 NumExpr defaulting to 8 threads.
INFO 2025-11-26 04:46:37,345 autoreload 8113 137304227067712 Watching for file changes with StatReloader
INFO 2025-11-26 04:46:37,447 utils 8113 137304227067712 Note: NumExpr detected 20 cores but "NUMEXPR_MAX_THREADS" not set, so enforcing safe limit of 8.
INFO 2025-11-26 04:46:37,447 utils 8113 137304227067712 NumExpr defaulting to 8 threads.
INFO 2025-11-26 04:47:29,117 autoreload 8144 123339070756672 Watching for file changes with StatReloader
INFO 2025-11-26 04:47:29,220 utils 8144 123339028043456 Note: NumExpr detected 20 cores but "NUMEXPR_MAX_THREADS" not set, so enforcing safe limit of 8.
INFO 2025-11-26 04:47:29,220 utils 8144 123339028043456 NumExpr defaulting to 8 threads.
INFO 2025-11-26 04:47:47,904 autoreload 8172 134807240558400 Watching for file changes with StatReloader
INFO 2025-11-26 04:47:48,009 utils 8172 134807240558400 Note: NumExpr detected 20 cores but "NUMEXPR_MAX_THREADS" not set, so enforcing safe limit of 8.
INFO 2025-11-26 04:47:48,009 utils 8172 134807240558400 NumExpr defaulting to 8 threads.
INFO 2025-11-26 04:48:04,170 basehttp 8172 134806575638208 "GET / HTTP/1.1" 200 19122
INFO 2025-11-26 04:48:04,187 basehttp 8172 134806575638208 "GET /static/reports/vendor/bootstrap/bootstrap.min.css HTTP/1.1" 200 232914
INFO 2025-11-26 04:48:04,191 basehttp 8172 134806575638208 "GET /static/reports/css/main.css?v= HTTP/1.1" 200 15688
INFO 2025-11-26 04:48:04,193 basehttp 8172 134806550460096 "GET /static/reports/js/main.js?v= HTTP/1.1" 200 21075
INFO 2025-11-26 04:48:04,193 basehttp 8172 134806567245504 "GET /static/reports/vendor/fontawesome/all.min.css HTTP/1.1" 200 101965
INFO 2025-11-26 04:48:04,194 basehttp 8172 134806558852800 "GET /static/reports/vendor/bootstrap/bootstrap.bundle.min.js HTTP/1.1" 200 80421
INFO 2025-11-26 04:48:04,346 basehttp 8172 134806575638208 "GET /static/reports/vendor/fontawesome/webfonts/fa-solid-900.woff2 HTTP/1.1" 200 150124
WARNING 2025-11-26 04:48:05,259 basehttp 8172 134806575638208 "GET /favicon.ico HTTP/1.1" 404 4751
INFO 2025-11-26 04:48:20,333 basehttp 8172 134806575638208 "GET /report/plan-variance/ HTTP/1.1" 200 17785
INFO 2025-11-26 04:48:35,462 plan_variance_service 8172 134806575638208 Input file validation passed: /home/tvr/PS-Reports/Code/data/uploads/TS2_552.DAT
INFO 2025-11-26 04:48:35,464 plan_variance_service 8172 134806575638208 Data cleaned and saved to /home/tvr/PS-Reports/Code/data/uploads/cleaned_temp.dat
INFO 2025-11-26 04:48:35,505 basehttp 8172 134806575638208 "POST /report/plan-variance/ HTTP/1.1" 200 18917
INFO 2025-11-26 04:50:56,500 utils 8873 129439614285632 Note: NumExpr detected 20 cores but "NUMEXPR_MAX_THREADS" not set, so enforcing safe limit of 8.
INFO 2025-11-26 04:50:56,500 utils 8873 129439614285632 NumExpr defaulting to 8 threads.
INFO 2025-11-26 04:51:17,623 utils 9106 134311009503040 Note: NumExpr detected 20 cores but "NUMEXPR_MAX_THREADS" not set, so enforcing safe limit of 8.
INFO 2025-11-26 04:51:17,623 utils 9106 134311009503040 NumExpr defaulting to 8 threads.
INFO 2025-11-26 04:53:09,767 basehttp 8020 124339630118592 "GET / HTTP/1.1" 200 19122
INFO 2025-11-26 04:53:09,784 basehttp 8020 124339630118592 "GET /static/reports/vendor/bootstrap/bootstrap.min.css HTTP/1.1" 304 0
INFO 2025-11-26 04:53:09,789 basehttp 8020 124339621725888 "GET /static/reports/vendor/bootstrap/bootstrap.bundle.min.js HTTP/1.1" 304 0
INFO 2025-11-26 04:53:09,789 basehttp 8020 124339613333184 "GET /static/reports/js/main.js?v= HTTP/1.1" 304 0
INFO 2025-11-26 04:53:09,791 basehttp 8020 124339604940480 "GET /static/reports/css/main.css?v= HTTP/1.1" 304 0
INFO 2025-11-26 04:53:09,792 basehttp 8020 124339596547776 "GET /static/reports/vendor/fontawesome/all.min.css HTTP/1.1" 304 0
WARNING 2025-11-26 04:53:10,746 basehttp 8020 124339630118592 "GET /favicon.ico HTTP/1.1" 404 4751
INFO 2025-11-26 04:53:38,593 basehttp 8020 124339630118592 "GET / HTTP/1.1" 200 19122
WARNING 2025-11-26 04:53:39,627 basehttp 8020 124339630118592 "GET /favicon.ico HTTP/1.1" 404 4751
INFO 2025-11-26 04:53:44,398 basehttp 8020 124339630118592 "GET /report/budget/ HTTP/1.1" 200 17694
INFO 2025-11-26 04:54:04,064 budget_report_service 8020 124339630118592 Input file validation passed: /home/tvr/PS-Reports/Code/data/uploads/TS2_558.DAT
INFO 2025-11-26 04:54:04,065 budget_report_service 8020 124339630118592 Cleaned data written to /home/tvr/PS-Reports/Code/data/uploads/cleaned_TS2_558.DAT
INFO 2025-11-26 04:54:04,065 data_processing 8020 124339630118592 Reading DAT file: /home/tvr/PS-Reports/Code/data/uploads/cleaned_TS2_558.DAT, encoding: iso-8859-1
INFO 2025-11-26 04:54:04,072 data_processing 8020 124339630118592 Successfully read DAT file: 620 rows, 36 columns
INFO 2025-11-26 04:54:04,537 basehttp 8020 124339630118592 "POST /report/budget/ HTTP/1.1" 200 988427
INFO 2025-11-26 04:54:27,868 basehttp 8020 124339630118592 "GET / HTTP/1.1" 200 19122
INFO 2025-11-26 04:54:32,475 basehttp 8020 124339630118592 "GET /report/budget-updates/ HTTP/1.1" 200 17811
INFO 2025-11-26 04:54:55,672 budget_updates_service 8020 124339630118592 Input file validation passed: /home/tvr/PS-Reports/Code/data/uploads/TS2_560.DAT
INFO 2025-11-26 04:54:55,674 budget_updates_service 8020 124339630118592 Cleaned data written to /home/tvr/PS-Reports/Code/data/uploads/cleaned_TS2_560.DAT
INFO 2025-11-26 04:54:55,674 data_processing 8020 124339630118592 Reading DAT file: /home/tvr/PS-Reports/Code/data/uploads/cleaned_TS2_560.DAT, encoding: iso-8859-1
INFO 2025-11-26 04:54:55,680 data_processing 8020 124339630118592 Successfully read DAT file: 571 rows, 43 columns
INFO 2025-11-26 04:54:56,534 basehttp 8020 124339630118592 "POST /report/budget-updates/ HTTP/1.1" 200 1097536
INFO 2025-11-26 04:55:05,488 basehttp 8020 124339630118592 "GET / HTTP/1.1" 200 19122
INFO 2025-11-26 04:55:08,822 basehttp 8020 124339630118592 "GET /report/project-type-wise/ HTTP/1.1" 200 17789
INFO 2025-11-26 04:55:23,518 project_type_wise_service 8020 124339630118592 Input file validation passed: /home/tvr/PS-Reports/Code/data/uploads/ProjectsList.XLSX
INFO 2025-11-26 04:55:23,944 basehttp 8020 124339630118592 "POST /report/project-type-wise/ HTTP/1.1" 200 145962
INFO 2025-11-26 04:55:40,126 basehttp 8020 124339630118592 "GET / HTTP/1.1" 200 19122
INFO 2025-11-26 04:55:44,179 basehttp 8020 124339630118592 "GET /report/plan-variance/ HTTP/1.1" 200 17785
INFO 2025-11-26 04:56:01,449 plan_variance_service 8020 124339630118592 Input file validation passed: /home/tvr/PS-Reports/Code/data/uploads/TS2_552.DAT
INFO 2025-11-26 04:56:01,449 plan_variance_service 8020 124339630118592 Data cleaned and saved to /home/tvr/PS-Reports/Code/data/uploads/cleaned_temp.dat
INFO 2025-11-26 04:56:01,482 basehttp 8020 124339630118592 "POST /report/plan-variance/ HTTP/1.1" 200 18917
INFO 2025-11-26 04:56:08,404 basehttp 8020 124339630118592 "GET / HTTP/1.1" 200 19122
INFO 2025-11-26 04:56:12,454 basehttp 8020 124339630118592 "GET /report/glimps-of-projects/ HTTP/1.1" 200 19029
INFO 2025-11-26 04:56:29,656 glimps_of_projects_service 8020 124339630118592 Input file validation passed: /home/tvr/PS-Reports/Code/data/uploads/AllProjects558.DAT
INFO 2025-11-26 04:56:29,713 basehttp 8020 124339630118592 "POST /report/glimps-of-projects/ HTTP/1.1" 200 28494
INFO 2025-11-26 05:01:01,051 utils 9983 129154345535296 Note: NumExpr detected 20 cores but "NUMEXPR_MAX_THREADS" not set, so enforcing safe limit of 8.
INFO 2025-11-26 05:01:01,052 utils 9983 129154345535296 NumExpr defaulting to 8 threads.
INFO 2025-11-26 05:01:15,770 utils 10028 137703520368448 Note: NumExpr detected 20 cores but "NUMEXPR_MAX_THREADS" not set, so enforcing safe limit of 8.
INFO 2025-11-26 05:01:15,770 utils 10028 137703520368448 NumExpr defaulting to 8 threads.
INFO 2025-11-26 05:04:34,272 utils 10943 129861360162624 Note: NumExpr detected 20 cores but "NUMEXPR_MAX_THREADS" not set, so enforcing safe limit of 8.
INFO 2025-11-26 05:04:34,272 utils 10943 129861360162624 NumExpr defaulting to 8 threads.
INFO 2025-11-26 05:04:40,808 utils 10983 130430179166016 Note: NumExpr detected 20 cores but "NUMEXPR_MAX_THREADS" not set, so enforcing safe limit of 8.
INFO 2025-11-26 05:04:40,808 utils 10983 130430179166016 NumExpr defaulting to 8 threads.
INFO 2025-11-26 05:12:41,864 utils 11355 133460953274176 Note: NumExpr detected 20 cores but "NUMEXPR_MAX_THREADS" not set, so enforcing safe limit of 8.
INFO 2025-11-26 05:12:41,864 utils 11355 133460953274176 NumExpr defaulting to 8 threads.
INFO 2025-11-26 05:12:42,196 formatting 11355 133460953274176 Applying standard report formatting
INFO 2025-11-26 05:12:42,198 formatting 11355 133460953274176 Applying standard report formatting
INFO 2025-11-26 05:12:42,199 formatting 11355 133460953274176 Applying standard report formatting
INFO 2025-11-26 05:15:01,929 utils 11612 131375995750208 Note: NumExpr detected 20 cores but "NUMEXPR_MAX_THREADS" not set, so enforcing safe limit of 8.
INFO 2025-11-26 05:15:01,929 utils 11612 131375995750208 NumExpr defaulting to 8 threads.
INFO 2025-11-26 05:15:02,217 data_processing 11612 131375995750208 Reading DAT file: /tmp/tmpna2gy5cf/test.dat, encoding: iso-8859-1
INFO 2025-11-26 05:15:02,219 data_processing 11612 131375995750208 Successfully read DAT file: 2 rows, 3 columns
INFO 2025-11-26 05:15:02,233 formatting 11612 131375995750208 Applying standard report formatting
INFO 2025-11-26 05:15:02,234 formatting 11612 131375995750208 Applying standard report formatting
INFO 2025-11-26 05:15:02,235 formatting 11612 131375995750208 Applying standard report formatting
INFO 2025-11-26 05:16:56,539 utils 11835 130534699734848 Note: NumExpr detected 20 cores but "NUMEXPR_MAX_THREADS" not set, so enforcing safe limit of 8.
INFO 2025-11-26 05:16:56,540 utils 11835 130534699734848 NumExpr defaulting to 8 threads.
INFO 2025-11-26 05:16:56,820 data_processing 11835 130534699734848 Reading DAT file: /tmp/tmpmu48zqi7/test.dat, encoding: iso-8859-1
INFO 2025-11-26 05:16:56,822 data_processing 11835 130534699734848 Successfully read DAT file: 2 rows, 3 columns
INFO 2025-11-26 05:16:56,860 formatting 11835 130534699734848 Applying standard report formatting
INFO 2025-11-26 05:16:56,863 formatting 11835 130534699734848 Excel styles registered successfully
INFO 2025-11-26 05:16:56,863 formatting 11835 130534699734848 Freeze panes applied at E3
INFO 2025-11-26 05:16:56,863 formatting 11835 130534699734848 Font styling applied to entire sheet
INFO 2025-11-26 05:16:56,863 formatting 11835 130534699734848 Column widths auto-adjusted (min=10, max=50)
INFO 2025-11-26 05:16:56,867 formatting 11835 130534699734848 Applying standard report formatting
INFO 2025-11-26 05:16:56,869 formatting 11835 130534699734848 Excel styles registered successfully
INFO 2025-11-26 05:16:56,869 formatting 11835 130534699734848 Freeze panes applied at E3
INFO 2025-11-26 05:16:56,869 formatting 11835 130534699734848 Font styling applied to entire sheet
INFO 2025-11-26 05:16:56,869 formatting 11835 130534699734848 Column widths auto-adjusted (min=10, max=50)
INFO 2025-11-26 05:16:56,874 formatting 11835 130534699734848 Applying standard report formatting
INFO 2025-11-26 05:16:56,877 formatting 11835 130534699734848 Excel styles registered successfully
INFO 2025-11-26 05:16:56,877 formatting 11835 130534699734848 Freeze panes applied at E3
INFO 2025-11-26 05:16:56,877 formatting 11835 130534699734848 Font styling applied to entire sheet
INFO 2025-11-26 05:16:56,877 formatting 11835 130534699734848 Column widths auto-adjusted (min=10, max=50)
INFO 2025-11-26 05:17:44,989 utils 11951 136524426086208 Note: NumExpr detected 20 cores but "NUMEXPR_MAX_THREADS" not set, so enforcing safe limit of 8.
INFO 2025-11-26 05:17:44,989 utils 11951 136524426086208 NumExpr defaulting to 8 threads.
INFO 2025-11-26 05:17:45,262 data_processing 11951 136524426086208 Reading DAT file: /tmp/tmp4lx350r_/test.dat, encoding: iso-8859-1
INFO 2025-11-26 05:17:45,264 data_processing 11951 136524426086208 Successfully read DAT file: 2 rows, 3 columns
INFO 2025-11-26 05:17:45,295 formatting 11951 136524426086208 Applying analytics report formatting
INFO 2025-11-26 05:17:45,298 formatting 11951 136524426086208 Excel styles registered successfully
INFO 2025-11-26 05:17:45,298 formatting 11951 136524426086208 Freeze panes applied at D3
INFO 2025-11-26 05:17:45,298 formatting 11951 136524426086208 Font styling applied to entire sheet
INFO 2025-11-26 05:17:45,298 formatting 11951 136524426086208 Column widths auto-adjusted (min=10, max=50)
INFO 2025-11-26 05:17:45,303 formatting 11951 136524426086208 Excel styles registered successfully
INFO 2025-11-26 05:17:45,303 formatting 11951 136524426086208 Data validation added to A1
INFO 2025-11-26 05:17:45,307 formatting 11951 136524426086208 Applying standard report formatting
INFO 2025-11-26 05:17:45,309 formatting 11951 136524426086208 Excel styles registered successfully
INFO 2025-11-26 05:17:45,309 formatting 11951 136524426086208 Freeze panes applied at E3
INFO 2025-11-26 05:17:45,309 formatting 11951 136524426086208 Font styling applied to entire sheet
INFO 2025-11-26 05:17:45,309 formatting 11951 136524426086208 Column widths auto-adjusted (min=10, max=50)
INFO 2025-11-26 05:17:45,312 formatting 11951 136524426086208 Applying standard report formatting
INFO 2025-11-26 05:17:45,314 formatting 11951 136524426086208 Excel styles registered successfully
INFO 2025-11-26 05:17:45,314 formatting 11951 136524426086208 Freeze panes applied at E3
INFO 2025-11-26 05:17:45,314 formatting 11951 136524426086208 Font styling applied to entire sheet
INFO 2025-11-26 05:17:45,314 formatting 11951 136524426086208 Column widths auto-adjusted (min=10, max=50)
INFO 2025-11-26 05:17:45,319 formatting 11951 136524426086208 Applying standard report formatting
INFO 2025-11-26 05:17:45,321 formatting 11951 136524426086208 Excel styles registered successfully
INFO 2025-11-26 05:17:45,321 formatting 11951 136524426086208 Freeze panes applied at E3
INFO 2025-11-26 05:17:45,321 formatting 11951 136524426086208 Font styling applied to entire sheet
INFO 2025-11-26 05:17:45,321 formatting 11951 136524426086208 Column widths auto-adjusted (min=10, max=50)
INFO 2025-11-26 05:18:24,130 utils 12031 128155682670400 Note: NumExpr detected 20 cores but "NUMEXPR_MAX_THREADS" not set, so enforcing safe limit of 8.
INFO 2025-11-26 05:18:24,130 utils 12031 128155682670400 NumExpr defaulting to 8 threads.
INFO 2025-11-26 05:18:24,408 data_processing 12031 128155682670400 Reading DAT file: /tmp/tmpxfffx61t/test.dat, encoding: iso-8859-1
INFO 2025-11-26 05:18:24,409 data_processing 12031 128155682670400 Successfully read DAT file: 2 rows, 3 columns
INFO 2025-11-26 05:18:24,436 formatting 12031 128155682670400 Excel styles registered successfully
INFO 2025-11-26 05:18:24,436 formatting 12031 128155682670400 Data validation added to A1
INFO 2025-11-26 05:18:24,440 formatting 12031 128155682670400 Excel styles registered successfully
INFO 2025-11-26 05:18:24,453 formatting 12031 128155682670400 Excel styles registered successfully
INFO 2025-11-26 05:18:31,679 utils 12111 127323677652800 Note: NumExpr detected 20 cores but "NUMEXPR_MAX_THREADS" not set, so enforcing safe limit of 8.
INFO 2025-11-26 05:18:31,679 utils 12111 127323677652800 NumExpr defaulting to 8 threads.
INFO 2025-11-26 05:18:31,961 data_processing 12111 127323677652800 Reading DAT file: /tmp/tmp3j7enm94/test.dat, encoding: iso-8859-1
INFO 2025-11-26 05:18:31,962 data_processing 12111 127323677652800 Successfully read DAT file: 2 rows, 3 columns
INFO 2025-11-26 05:18:31,998 formatting 12111 127323677652800 Excel styles registered successfully
INFO 2025-11-26 05:18:31,998 formatting 12111 127323677652800 Data validation added to A1
INFO 2025-11-26 05:18:32,003 formatting 12111 127323677652800 Excel styles registered successfully
INFO 2025-11-26 05:18:32,015 formatting 12111 127323677652800 Excel styles registered successfully
INFO 2025-11-26 05:19:02,274 utils 12166 126122135029568 Note: NumExpr detected 20 cores but "NUMEXPR_MAX_THREADS" not set, so enforcing safe limit of 8.
INFO 2025-11-26 05:19:02,274 utils 12166 126122135029568 NumExpr defaulting to 8 threads.
INFO 2025-11-26 05:19:02,554 data_processing 12166 126122135029568 Cleaning DAT file: /tmp/tmpaz8ot197/input.dat -> /tmp/tmpaz8ot197/output.dat, pattern: budget_report
INFO 2025-11-26 05:19:02,554 data_processing 12166 126122135029568 DAT file cleaned successfully: 5 -> 3 lines
INFO 2025-11-26 05:19:02,555 data_processing 12166 126122135029568 Reading DAT file: /tmp/tmpsyzmqh4j/test.dat, encoding: iso-8859-1
INFO 2025-11-26 05:19:02,556 data_processing 12166 126122135029568 Successfully read DAT file: 2 rows, 3 columns
INFO 2025-11-26 05:19:02,591 formatting 12166 126122135029568 Excel styles registered successfully
INFO 2025-11-26 05:19:02,591 formatting 12166 126122135029568 Data validation added to A1
INFO 2025-11-26 05:19:02,595 formatting 12166 126122135029568 Excel styles registered successfully
INFO 2025-11-26 05:19:02,607 formatting 12166 126122135029568 Excel styles registered successfully
INFO 2025-11-26 05:30:59,040 glimps_of_projects_service 8020 124339630118592 Input file validation passed: /home/tvr/PS-Reports/Code/data/uploads/AllProjects558.DAT
INFO 2025-11-26 05:30:59,066 basehttp 8020 124339630118592 "POST /report/glimps-of-projects/ HTTP/1.1" 200 28494
INFO 2025-11-26 05:31:02,300 basehttp 8020 124339630118592 "GET / HTTP/1.1" 200 19122
INFO 2025-11-26 05:37:42,274 utils 13029 136454958569280 Note: NumExpr detected 20 cores but "NUMEXPR_MAX_THREADS" not set, so enforcing safe limit of 8.
INFO 2025-11-26 05:37:42,274 utils 13029 136454958569280 NumExpr defaulting to 8 threads.
INFO 2025-11-26 05:39:38,597 utils 13092 130095716570944 Note: NumExpr detected 20 cores but "NUMEXPR_MAX_THREADS" not set, so enforcing safe limit of 8.
INFO 2025-11-26 05:39:38,598 utils 13092 130095716570944 NumExpr defaulting to 8 threads.
INFO 2025-11-26 05:39:38,876 data_processing 13092 130095716570944 Cleaning DAT file: /tmp/tmpp7_dz5yd/input.dat -> /tmp/tmpp7_dz5yd/output.dat, pattern: budget_report
INFO 2025-11-26 05:39:38,876 data_processing 13092 130095716570944 DAT file cleaned successfully: 5 -> 3 lines
INFO 2025-11-26 05:39:38,876 data_processing 13092 130095716570944 Reading DAT file: /tmp/tmpzamvipdn/test.dat, encoding: iso-8859-1
INFO 2025-11-26 05:39:38,878 data_processing 13092 130095716570944 Successfully read DAT file: 2 rows, 3 columns
INFO 2025-11-26 05:39:38,913 formatting 13092 130095716570944 Excel styles registered successfully
INFO 2025-11-26 05:39:38,913 formatting 13092 130095716570944 Data validation added to A1
INFO 2025-11-26 05:39:38,917 formatting 13092 130095716570944 Excel styles registered successfully
INFO 2025-11-26 05:39:38,929 formatting 13092 130095716570944 Excel styles registered successfully
WARNING 2025-11-26 05:40:37,379 basehttp 8020 124339630118592 "GET /browse/wbs/ HTTP/1.1" 404 4751
WARNING 2025-11-26 05:40:45,399 basehttp 8020 124339630118592 "GET /browse/wbs/ HTTP/1.1" 404 4751
INFO 2025-11-26 05:42:01,065 autoreload 13404 132553006450496 Watching for file changes with StatReloader
INFO 2025-11-26 05:42:01,167 utils 13404 132553006450496 Note: NumExpr detected 20 cores but "NUMEXPR_MAX_THREADS" not set, so enforcing safe limit of 8.
INFO 2025-11-26 05:42:01,167 utils 13404 132553006450496 NumExpr defaulting to 8 threads.
INFO 2025-11-26 05:44:06,520 autoreload 13561 134739735910208 Watching for file changes with StatReloader
INFO 2025-11-26 05:44:06,625 utils 13561 134739735910208 Note: NumExpr detected 20 cores but "NUMEXPR_MAX_THREADS" not set, so enforcing safe limit of 8.
INFO 2025-11-26 05:44:06,626 utils 13561 134739735910208 NumExpr defaulting to 8 threads.
INFO 2025-11-26 05:44:09,073 basehttp 13561 134739070895808 "GET / HTTP/1.1" 200 20236
INFO 2025-11-26 05:44:09,091 basehttp 13561 134739070895808 "GET /static/reports/vendor/bootstrap/bootstrap.min.css HTTP/1.1" 200 232914
INFO 2025-11-26 05:44:09,095 basehttp 13561 134739070895808 "GET /static/reports/css/main.css?v= HTTP/1.1" 200 15688
INFO 2025-11-26 05:44:09,096 basehttp 13561 134739045717696 "GET /static/reports/js/main.js?v= HTTP/1.1" 200 21075
INFO 2025-11-26 05:44:09,097 basehttp 13561 134739054110400 "GET /static/reports/vendor/bootstrap/bootstrap.bundle.min.js HTTP/1.1" 200 80421
INFO 2025-11-26 05:44:09,097 basehttp 13561 134739062503104 "GET /static/reports/vendor/fontawesome/all.min.css HTTP/1.1" 200 101965
INFO 2025-11-26 05:44:09,181 basehttp 13561 134739070895808 "GET /static/reports/vendor/fontawesome/webfonts/fa-solid-900.woff2 HTTP/1.1" 200 150124
WARNING 2025-11-26 05:44:10,065 basehttp 13561 134739070895808 "GET /favicon.ico HTTP/1.1" 404 5293
INFO 2025-11-26 05:45:02,137 utils 13705 137133056681792 Note: NumExpr detected 20 cores but "NUMEXPR_MAX_THREADS" not set, so enforcing safe limit of 8.
INFO 2025-11-26 05:45:02,138 utils 13705 137133056681792 NumExpr defaulting to 8 threads.
INFO 2025-11-26 05:45:24,082 autoreload 13731 130303544571712 Watching for file changes with StatReloader
INFO 2025-11-26 05:45:24,188 utils 13731 130303499691712 Note: NumExpr detected 20 cores but "NUMEXPR_MAX_THREADS" not set, so enforcing safe limit of 8.
INFO 2025-11-26 05:45:24,188 utils 13731 130303499691712 NumExpr defaulting to 8 threads.
INFO 2025-11-26 05:45:26,488 basehttp 13731 130302879733440 "GET / HTTP/1.1" 200 20236
INFO 2025-11-26 05:45:35,703 basehttp 13731 130302879733440 "GET /browse/master-data/ HTTP/1.1" 200 12105
INFO 2025-11-26 05:45:46,673 basehttp 13731 130302879733440 "GET /browse/master-data/?type=company_codes HTTP/1.1" 200 14802
INFO 2025-11-26 05:45:49,633 basehttp 13731 130302879733440 "GET /browse/master-data/?type=project_types HTTP/1.1" 200 16609
INFO 2025-11-26 05:46:01,100 basehttp 13731 130302879733440 "GET /browse/master-data/?type=company_codes HTTP/1.1" 200 14802
INFO 2025-11-26 05:46:08,760 basehttp 13731 130302879733440 "GET /browse/master-data/?type=wbs HTTP/1.1" 200 12105
INFO 2025-11-26 05:46:23,657 basehttp 13731 130302879733440 "GET /report/budget/ HTTP/1.1" 200 18808
INFO 2025-11-26 05:46:34,311 basehttp 13731 130302879733440 "GET / HTTP/1.1" 200 20236
INFO 2025-11-26 05:48:20,133 basehttp 13731 130302879733440 "GET /browse/master-data/ HTTP/1.1" 200 12105
INFO 2025-11-26 05:48:26,709 basehttp 13731 130302879733440 "GET /admin/reports/ HTTP/1.1" 302 0
INFO 2025-11-26 05:48:26,738 basehttp 13731 130302879733440 "GET /admin/login/?next=/admin/reports/ HTTP/1.1" 200 4176
INFO 2025-11-26 05:48:26,800 basehttp 13731 130302879733440 "GET /static/admin/css/base.css HTTP/1.1" 200 22092
INFO 2025-11-26 05:48:26,805 basehttp 13731 130302798198464 "GET /static/admin/css/dark_mode.css HTTP/1.1" 200 2804
INFO 2025-11-26 05:48:26,805 basehttp 13731 130302789805760 "GET /static/admin/css/nav_sidebar.css HTTP/1.1" 200 2810
INFO 2025-11-26 05:48:26,806 basehttp 13731 130302764627648 "GET /static/admin/js/theme.js HTTP/1.1" 200 1653
INFO 2025-11-26 05:48:26,807 basehttp 13731 130302781413056 "GET /static/admin/css/login.css HTTP/1.1" 200 951
INFO 2025-11-26 05:48:26,807 basehttp 13731 130302773020352 "GET /static/admin/css/responsive.css HTTP/1.1" 200 17972
INFO 2025-11-26 05:48:26,816 basehttp 13731 130302773020352 "GET /static/admin/js/nav_sidebar.js HTTP/1.1" 200 3063
INFO 2025-11-26 05:51:44,482 utils 14380 137596563916608 Note: NumExpr detected 20 cores but "NUMEXPR_MAX_THREADS" not set, so enforcing safe limit of 8.
INFO 2025-11-26 05:51:44,482 utils 14380 137596563916608 NumExpr defaulting to 8 threads.
INFO 2025-11-26 05:53:10,987 utils 14394 138350369994560 Note: NumExpr detected 20 cores but "NUMEXPR_MAX_THREADS" not set, so enforcing safe limit of 8.
INFO 2025-11-26 05:53:10,988 utils 14394 138350369994560 NumExpr defaulting to 8 threads.
INFO 2025-11-26 06:16:57,254 utils 15009 131868304217920 Note: NumExpr detected 20 cores but "NUMEXPR_MAX_THREADS" not set, so enforcing safe limit of 8.
INFO 2025-11-26 06:16:57,254 utils 15009 131868304217920 NumExpr defaulting to 8 threads.
INFO 2025-11-26 06:19:56,651 utils 15301 140096069707584 Note: NumExpr detected 20 cores but "NUMEXPR_MAX_THREADS" not set, so enforcing safe limit of 8.
INFO 2025-11-26 06:19:56,651 utils 15301 140096069707584 NumExpr defaulting to 8 threads.
INFO 2025-11-26 06:29:17,278 utils 17190 137034949416768 Note: NumExpr detected 20 cores but "NUMEXPR_MAX_THREADS" not set, so enforcing safe limit of 8.
INFO 2025-11-26 06:29:17,279 utils 17190 137034949416768 NumExpr defaulting to 8 threads.
INFO 2025-11-26 06:30:34,515 autoreload 17315 130136582465344 Watching for file changes with StatReloader
INFO 2025-11-26 06:30:34,617 utils 17315 130136538638016 Note: NumExpr detected 20 cores but "NUMEXPR_MAX_THREADS" not set, so enforcing safe limit of 8.
INFO 2025-11-26 06:30:34,617 utils 17315 130136538638016 NumExpr defaulting to 8 threads.
INFO 2025-11-26 06:30:38,032 basehttp 17315 130135917151936 "GET / HTTP/1.1" 200 19379
WARNING 2025-11-26 06:30:39,191 basehttp 17315 130135917151936 "GET /favicon.ico HTTP/1.1" 404 5293
INFO 2025-11-26 06:30:40,828 basehttp 17315 130135917151936 "GET /browse/master-data/ HTTP/1.1" 200 38467
INFO 2025-11-26 06:30:56,949 basehttp 17315 130135917151936 "GET /browse/master-data/?page_size=100 HTTP/1.1" 200 38589
INFO 2025-11-26 06:31:15,034 basehttp 17315 130135917151936 "GET /browse/master-data/?type=company_codes HTTP/1.1" 200 13948
INFO 2025-11-26 06:31:19,470 basehttp 17315 130135917151936 "GET /browse/master-data/?type=project_types HTTP/1.1" 200 15755
INFO 2025-11-26 06:31:32,692 basehttp 17315 130135917151936 "GET /report/budget/ HTTP/1.1" 200 17951
INFO 2025-11-26 06:31:49,571 budget_report_service 17315 130135917151936 Input file validation passed: /home/tvr/PS-Reports/Code/data/uploads/TS2_558.DAT
INFO 2025-11-26 06:31:49,572 budget_report_service 17315 130135917151936 Cleaned data written to /home/tvr/PS-Reports/Code/data/uploads/cleaned_TS2_558.DAT
INFO 2025-11-26 06:31:49,572 data_processing 17315 130135917151936 Reading DAT file: /home/tvr/PS-Reports/Code/data/uploads/cleaned_TS2_558.DAT, encoding: iso-8859-1
INFO 2025-11-26 06:31:49,579 data_processing 17315 130135917151936 Successfully read DAT file: 620 rows, 36 columns
INFO 2025-11-26 06:31:50,061 basehttp 17315 130135917151936 "POST /report/budget/ HTTP/1.1" 200 1007307
INFO 2025-11-26 06:32:28,580 basehttp 17315 130135917151936 "GET / HTTP/1.1" 200 19379
INFO 2025-11-26 08:47:49,809 utils 6308 128806804240192 Note: NumExpr detected 20 cores but "NUMEXPR_MAX_THREADS" not set, so enforcing safe limit of 8.
INFO 2025-11-26 08:47:49,810 utils 6308 128806804240192 NumExpr defaulting to 8 threads.
INFO 2025-11-26 08:48:05,506 autoreload 6320 133639741826880 Watching for file changes with StatReloader
INFO 2025-11-26 08:48:05,712 utils 6320 133639696942784 Note: NumExpr detected 20 cores but "NUMEXPR_MAX_THREADS" not set, so enforcing safe limit of 8.
INFO 2025-11-26 08:48:05,712 utils 6320 133639696942784 NumExpr defaulting to 8 threads.
INFO 2025-11-26 08:48:11,147 basehttp 6320 133639076665024 "GET / HTTP/1.1" 200 19379
INFO 2025-11-26 08:48:11,247 basehttp 6320 133639067223744 "GET /static/reports/css/main.css?v= HTTP/1.1" 200 15688
INFO 2025-11-26 08:48:11,251 basehttp 6320 133638838544064 "GET /static/reports/js/main.js?v= HTTP/1.1" 200 21075
INFO 2025-11-26 08:48:11,252 basehttp 6320 133638846936768 "GET /static/reports/vendor/bootstrap/bootstrap.bundle.min.js HTTP/1.1" 200 80421
INFO 2025-11-26 08:48:11,259 basehttp 6320 133639058831040 "GET /static/reports/vendor/fontawesome/all.min.css HTTP/1.1" 200 101965
INFO 2025-11-26 08:48:11,262 basehttp 6320 133639076665024 "GET /static/reports/vendor/bootstrap/bootstrap.min.css HTTP/1.1" 200 232914
INFO 2025-11-26 08:48:11,398 basehttp 6320 133639058831040 "GET /static/reports/vendor/fontawesome/webfonts/fa-solid-900.woff2 HTTP/1.1" 200 150124
WARNING 2025-11-26 08:48:13,442 basehttp 6320 133639058831040 "GET /favicon.ico HTTP/1.1" 404 5293
INFO 2025-11-26 08:48:22,871 basehttp 6320 133639058831040 "GET /browse/master-data/ HTTP/1.1" 200 38467
INFO 2025-11-26 08:48:35,441 basehttp 6320 133639058831040 "GET /admin/reports/ HTTP/1.1" 302 0
INFO 2025-11-26 08:48:35,475 basehttp 6320 133639058831040 "GET /admin/login/?next=/admin/reports/ HTTP/1.1" 200 4176
INFO 2025-11-26 08:48:35,555 basehttp 6320 133639076665024 "GET /static/admin/css/login.css HTTP/1.1" 200 951
INFO 2025-11-26 08:48:35,556 basehttp 6320 133638830151360 "GET /static/admin/js/theme.js HTTP/1.1" 200 1653
INFO 2025-11-26 08:48:35,557 basehttp 6320 133639058831040 "GET /static/admin/css/base.css HTTP/1.1" 200 22092
INFO 2025-11-26 08:48:35,557 basehttp 6320 133638838544064 "GET /static/admin/css/nav_sidebar.css HTTP/1.1" 200 2810
INFO 2025-11-26 08:48:35,558 basehttp 6320 133638846936768 "GET /static/admin/css/dark_mode.css HTTP/1.1" 200 2804
INFO 2025-11-26 08:48:35,559 basehttp 6320 133639067223744 "GET /static/admin/css/responsive.css HTTP/1.1" 200 17972
INFO 2025-11-26 08:48:35,584 basehttp 6320 133639067223744 "GET /static/admin/js/nav_sidebar.js HTTP/1.1" 200 3063
INFO 2025-11-26 08:48:51,505 basehttp 6320 133639067223744 "POST /admin/login/?next=/admin/reports/ HTTP/1.1" 302 0
INFO 2025-11-26 08:48:51,527 basehttp 6320 133639067223744 "GET /admin/reports/ HTTP/1.1" 200 6533
INFO 2025-11-26 08:48:51,593 basehttp 6320 133639067223744 "GET /static/admin/css/dashboard.css HTTP/1.1" 200 441
INFO 2025-11-26 08:48:51,646 basehttp 6320 133639058831040 "GET /static/admin/img/icon-changelink.svg HTTP/1.1" 200 380
INFO 2025-11-26 08:48:51,647 basehttp 6320 133639067223744 "GET /static/admin/img/icon-addlink.svg HTTP/1.1" 200 331
INFO 2025-11-26 08:49:00,799 basehttp 6320 133639067223744 "GET /admin/reports/wbselement/add/ HTTP/1.1" 200 10682
INFO 2025-11-26 08:49:00,833 basehttp 6320 133639067223744 "GET /static/admin/css/forms.css HTTP/1.1" 200 8794
INFO 2025-11-26 08:49:00,835 basehttp 6320 133638838544064 "GET /static/admin/js/core.js HTTP/1.1" 200 6208
INFO 2025-11-26 08:49:00,840 basehttp 6320 133639076665024 "GET /static/admin/js/admin/RelatedObjectLookups.js HTTP/1.1" 200 9097
INFO 2025-11-26 08:49:00,841 basehttp 6320 133638846936768 "GET /static/admin/js/jquery.init.js HTTP/1.1" 200 347
INFO 2025-11-26 08:49:00,846 basehttp 6320 133638838544064 "GET /static/admin/js/actions.js HTTP/1.1" 200 8076
INFO 2025-11-26 08:49:00,849 basehttp 6320 133639058831040 "GET /admin/jsi18n/ HTTP/1.1" 200 3342
INFO 2025-11-26 08:49:00,850 basehttp 6320 133639076665024 "GET /static/admin/js/urlify.js HTTP/1.1" 200 7887
INFO 2025-11-26 08:49:00,853 basehttp 6320 133638846936768 "GET /static/admin/js/prepopulate.js HTTP/1.1" 200 1531
INFO 2025-11-26 08:49:00,855 basehttp 6320 133638830151360 "GET /static/admin/js/vendor/jquery/jquery.js HTTP/1.1" 200 285314
INFO 2025-11-26 08:49:00,856 basehttp 6320 133639058831040 "GET /static/admin/js/vendor/xregexp/xregexp.js HTTP/1.1" 200 325171
INFO 2025-11-26 08:49:00,858 basehttp 6320 133638830151360 "GET /static/admin/js/prepopulate_init.js HTTP/1.1" 200 586
INFO 2025-11-26 08:49:00,899 basehttp 6320 133638846936768 "GET /static/admin/css/widgets.css HTTP/1.1" 200 11564
INFO 2025-11-26 08:49:00,904 basehttp 6320 133638830151360 "GET /static/admin/js/change_form.js HTTP/1.1" 200 606
INFO 2025-11-26 08:49:15,049 basehttp 6320 133638830151360 "GET /admin/reports/wbselement/ HTTP/1.1" 200 809689
INFO 2025-11-26 08:49:15,069 basehttp 6320 133638830151360 "GET /static/admin/css/changelists.css HTTP/1.1" 200 6878
INFO 2025-11-26 08:49:15,070 basehttp 6320 133639076665024 "GET /static/admin/img/search.svg HTTP/1.1" 200 458
INFO 2025-11-26 08:49:15,074 basehttp 6320 133638846936768 "GET /admin/jsi18n/ HTTP/1.1" 200 3342
INFO 2025-11-26 08:49:15,114 basehttp 6320 133638830151360 "GET /static/admin/js/filters.js HTTP/1.1" 200 978
INFO 2025-11-26 08:49:15,156 basehttp 6320 133638846936768 "GET /static/admin/img/tooltag-add.svg HTTP/1.1" 200 331
INFO 2025-11-26 08:49:15,157 basehttp 6320 133639076665024 "GET /static/admin/img/sorting-icons.svg HTTP/1.1" 200 1097
INFO 2025-11-26 08:49:15,160 basehttp 6320 133638838544064 "GET /static/admin/img/icon-viewlink.svg HTTP/1.1" 200 581
INFO 2025-11-26 08:50:07,392 basehttp 6320 133638838544064 "GET /admin/reports/wbselement/13097/change/ HTTP/1.1" 200 10954
INFO 2025-11-26 08:50:07,434 basehttp 6320 133638838544064 "GET /admin/jsi18n/ HTTP/1.1" 200 3342
INFO 2025-11-26 08:50:13,765 basehttp 6320 133638838544064 "GET /admin/reports/wbselement/13097/delete/ HTTP/1.1" 200 8742
INFO 2025-11-26 08:50:13,793 basehttp 6320 133638838544064 "GET /static/admin/js/cancel.js HTTP/1.1" 200 884
INFO 2025-11-26 08:50:17,013 basehttp 6320 133638838544064 "POST /admin/reports/wbselement/13097/delete/ HTTP/1.1" 302 0
INFO 2025-11-26 08:50:17,225 basehttp 6320 133638838544064 "GET /admin/reports/wbselement/ HTTP/1.1" 200 809809
INFO 2025-11-26 08:50:17,251 basehttp 6320 133638838544064 "GET /admin/jsi18n/ HTTP/1.1" 200 3342
INFO 2025-11-26 08:50:17,329 basehttp 6320 133638838544064 "GET /static/admin/img/icon-yes.svg HTTP/1.1" 200 436
INFO 2025-11-26 08:50:29,187 basehttp 6320 133638838544064 "GET /admin/reports/wbselement/14872/change/ HTTP/1.1" 200 10978
INFO 2025-11-26 08:50:29,215 basehttp 6320 133638838544064 "GET /admin/jsi18n/ HTTP/1.1" 200 3342
INFO 2025-11-26 08:50:31,037 basehttp 6320 133638838544064 "GET /admin/reports/wbselement/14872/delete/ HTTP/1.1" 200 8748
INFO 2025-11-26 08:50:33,308 basehttp 6320 133638838544064 "POST /admin/reports/wbselement/14872/delete/ HTTP/1.1" 302 0
INFO 2025-11-26 08:50:33,481 basehttp 6320 133638838544064 "GET /admin/reports/wbselement/ HTTP/1.1" 200 809743
INFO 2025-11-26 08:50:33,504 basehttp 6320 133638838544064 "GET /admin/jsi18n/ HTTP/1.1" 200 3342
INFO 2025-11-26 08:50:45,675 basehttp 6320 133638838544064 "POST /admin/logout/ HTTP/1.1" 200 3555
INFO 2025-11-26 08:50:49,572 basehttp 6320 133638838544064 "GET /admin/ HTTP/1.1" 302 0
INFO 2025-11-26 08:50:49,586 basehttp 6320 133638838544064 "GET /admin/login/?next=/admin/ HTTP/1.1" 200 4160
INFO 2025-11-26 08:50:56,304 basehttp 6320 133638838544064 "GET / HTTP/1.1" 200 19379
INFO 2025-11-26 08:51:02,916 basehttp 6320 133638838544064 "GET /report/budget/ HTTP/1.1" 200 17951
INFO 2025-11-26 08:51:39,344 budget_report_service 6320 133638838544064 Input file validation passed: /home/tvr/PS-Reports/Code/data/uploads/TS2_558.DAT
INFO 2025-11-26 08:51:39,349 budget_report_service 6320 133638838544064 Cleaned data written to /home/tvr/PS-Reports/Code/data/uploads/cleaned_TS2_558.DAT
INFO 2025-11-26 08:51:39,349 data_processing 6320 133638838544064 Reading DAT file: /home/tvr/PS-Reports/Code/data/uploads/cleaned_TS2_558.DAT, encoding: iso-8859-1
INFO 2025-11-26 08:51:39,375 data_processing 6320 133638838544064 Successfully read DAT file: 662 rows, 36 columns
INFO 2025-11-26 08:51:40,467 basehttp 6320 133638838544064 "POST /report/budget/ HTTP/1.1" 200 1077267
INFO 2025-11-26 08:52:46,690 basehttp 6320 133638838544064 "GET /download/TS2_558.xlsx/ HTTP/1.1" 200 107739
INFO 2025-11-26 08:53:28,795 basehttp 6320 133638838544064 "GET / HTTP/1.1" 200 19379
INFO 2025-11-26 08:53:31,588 basehttp 6320 133638838544064 "GET /browse/master-data/ HTTP/1.1" 200 38489
INFO 2025-11-26 08:54:11,634 basehttp 6320 133638838544064 "GET / HTTP/1.1" 200 19379
INFO 2025-11-26 08:54:14,968 basehttp 6320 133638838544064 "GET /report/budget-updates/ HTTP/1.1" 200 18068
INFO 2025-11-26 08:54:27,246 budget_updates_service 6320 133638838544064 Input file validation passed: /home/tvr/PS-Reports/Code/data/uploads/ALL_PROJECT_560.DAT
INFO 2025-11-26 08:54:27,248 budget_updates_service 6320 133638838544064 Cleaned data written to /home/tvr/PS-Reports/Code/data/uploads/cleaned_ALL_PROJECT_560.DAT
INFO 2025-11-26 08:54:27,249 data_processing 6320 133638838544064 Reading DAT file: /home/tvr/PS-Reports/Code/data/uploads/cleaned_ALL_PROJECT_560.DAT, encoding: iso-8859-1
INFO 2025-11-26 08:54:27,264 data_processing 6320 133638838544064 Successfully read DAT file: 422 rows, 43 columns
INFO 2025-11-26 08:54:28,463 basehttp 6320 133638838544064 "POST /report/budget-updates/ HTTP/1.1" 200 825354
INFO 2025-11-26 08:55:45,919 basehttp 6320 133638838544064 "GET / HTTP/1.1" 200 19379
INFO 2025-11-26 08:55:48,979 basehttp 6320 133638838544064 "GET /report/project-type-wise/ HTTP/1.1" 200 18046
INFO 2025-11-26 08:57:01,884 basehttp 6320 133638838544064 "GET / HTTP/1.1" 200 19379
INFO 2025-11-26 08:57:06,261 basehttp 6320 133638838544064 "GET /report/plan-variance/ HTTP/1.1" 200 18042
INFO 2025-11-26 08:57:16,523 plan_variance_service 6320 133638838544064 Input file validation passed: /home/tvr/PS-Reports/Code/data/uploads/TS2_002_532.DAT
INFO 2025-11-26 08:57:16,525 plan_variance_service 6320 133638838544064 Data cleaned and saved to /home/tvr/PS-Reports/Code/data/uploads/cleaned_temp.dat
INFO 2025-11-26 08:57:16,645 basehttp 6320 133638838544064 "POST /report/plan-variance/ HTTP/1.1" 200 19123
INFO 2025-11-26 08:57:28,900 basehttp 6320 133638838544064 "GET /report/budget-variance/ HTTP/1.1" 200 19247
INFO 2025-11-26 08:57:58,901 budget_variance_service 6320 133638838544064 Input file validation passed: /home/tvr/PS-Reports/Code/data/uploads/TS2_Budget_Variance.html
INFO 2025-11-26 08:57:58,901 budget_variance_service 6320 133638838544064 Cleaned HTML saved as /home/tvr/PS-Reports/Code/data/uploads/cleaned_TS2_Budget_Variance.html
INFO 2025-11-26 08:57:58,932 basehttp 6320 133638838544064 "POST /report/budget-variance/ HTTP/1.1" 200 20328
INFO 2025-11-26 08:58:07,889 basehttp 6320 133638838544064 "GET / HTTP/1.1" 200 19379
INFO 2025-11-26 08:58:14,789 basehttp 6320 133638838544064 "GET /report/glimps-of-projects/ HTTP/1.1" 200 19286
INFO 2025-11-26 08:58:28,520 glimps_of_projects_service 6320 133638838544064 Input file validation passed: /home/tvr/PS-Reports/Code/data/uploads/ALL_PROJECT_558.DAT
INFO 2025-11-26 08:58:28,625 basehttp 6320 133638838544064 "POST /report/glimps-of-projects/ HTTP/1.1" 200 28751
INFO 2025-11-26 08:59:04,378 basehttp 6320 133638838544064 "GET /download/CrossTab_Report.xlsx/ HTTP/1.1" 200 7614
INFO 2025-11-26 08:59:57,095 basehttp 6320 133638838544064 "GET /report/project-analysis/ HTTP/1.1" 200 13112
INFO 2025-11-26 09:00:18,633 data_processing 6320 133638838544064 Reading DAT file: /home/tvr/PS-Reports/Code/data/uploads/ALL_PROJECT_558.DAT, encoding: iso-8859-1
INFO 2025-11-26 09:00:18,663 basehttp 6320 133638838544064 "POST /report/project-analysis/ HTTP/1.1" 200 13553
INFO 2025-11-26 09:50:03,691 autoreload 15808 137264427657024 Watching for file changes with StatReloader
INFO 2025-11-26 09:50:03,796 utils 15808 137264427657024 Note: NumExpr detected 20 cores but "NUMEXPR_MAX_THREADS" not set, so enforcing safe limit of 8.
INFO 2025-11-26 09:50:03,796 utils 15808 137264427657024 NumExpr defaulting to 8 threads.
INFO 2025-11-26 09:50:19,554 autoreload 15822 125970980628288 Watching for file changes with StatReloader
INFO 2025-11-26 09:50:19,659 utils 15822 125970936800960 Note: NumExpr detected 20 cores but "NUMEXPR_MAX_THREADS" not set, so enforcing safe limit of 8.
INFO 2025-11-26 09:50:19,659 utils 15822 125970936800960 NumExpr defaulting to 8 threads.
INFO 2025-11-26 09:50:58,875 autoreload 15838 139311128930112 Watching for file changes with StatReloader
INFO 2025-11-26 09:50:58,979 utils 15838 139311128930112 Note: NumExpr detected 20 cores but "NUMEXPR_MAX_THREADS" not set, so enforcing safe limit of 8.
INFO 2025-11-26 09:50:58,979 utils 15838 139311128930112 NumExpr defaulting to 8 threads.
ERROR 2025-11-26 09:51:03,759 exception 15838 139310463796928 Invalid HTTP_HOST header: '0.0.0.0:8000'. You may need to add '0.0.0.0' to ALLOWED_HOSTS.
Traceback (most recent call last):
  File "/home/tvr/anaconda3/lib/python3.12/site-packages/django/core/handlers/exception.py", line 55, in inner
    response = get_response(request)
               ^^^^^^^^^^^^^^^^^^^^^
  File "/home/tvr/anaconda3/lib/python3.12/site-packages/django/utils/deprecation.py", line 128, in __call__
    response = self.process_request(request)
               ^^^^^^^^^^^^^^^^^^^^^^^^^^^^^
  File "/home/tvr/anaconda3/lib/python3.12/site-packages/django/middleware/common.py", line 48, in process_request
    host = request.get_host()
           ^^^^^^^^^^^^^^^^^^
  File "/home/tvr/anaconda3/lib/python3.12/site-packages/django/http/request.py", line 151, in get_host
    raise DisallowedHost(msg)
django.core.exceptions.DisallowedHost: Invalid HTTP_HOST header: '0.0.0.0:8000'. You may need to add '0.0.0.0' to ALLOWED_HOSTS.
WARNING 2025-11-26 09:51:03,775 basehttp 15838 139310463796928 "GET / HTTP/1.1" 400 78163
ERROR 2025-11-26 09:51:04,865 exception 15838 139310463796928 Invalid HTTP_HOST header: '0.0.0.0:8000'. You may need to add '0.0.0.0' to ALLOWED_HOSTS.
Traceback (most recent call last):
  File "/home/tvr/anaconda3/lib/python3.12/site-packages/django/core/handlers/exception.py", line 55, in inner
    response = get_response(request)
               ^^^^^^^^^^^^^^^^^^^^^
  File "/home/tvr/anaconda3/lib/python3.12/site-packages/django/utils/deprecation.py", line 128, in __call__
    response = self.process_request(request)
               ^^^^^^^^^^^^^^^^^^^^^^^^^^^^^
  File "/home/tvr/anaconda3/lib/python3.12/site-packages/django/middleware/common.py", line 48, in process_request
    host = request.get_host()
           ^^^^^^^^^^^^^^^^^^
  File "/home/tvr/anaconda3/lib/python3.12/site-packages/django/http/request.py", line 151, in get_host
    raise DisallowedHost(msg)
django.core.exceptions.DisallowedHost: Invalid HTTP_HOST header: '0.0.0.0:8000'. You may need to add '0.0.0.0' to ALLOWED_HOSTS.
WARNING 2025-11-26 09:51:04,877 basehttp 15838 139310463796928 "GET /favicon.ico HTTP/1.1" 400 78113
WARNING 2025-11-26 09:51:04,976 basehttp 15838 139310463796928 "GET /favicon.ico HTTP/1.1" 404 5293
INFO 2025-11-26 09:51:32,216 autoreload 16166 137464952690496 Watching for file changes with StatReloader
INFO 2025-11-26 09:51:32,319 utils 16166 137464952690496 Note: NumExpr detected 20 cores but "NUMEXPR_MAX_THREADS" not set, so enforcing safe limit of 8.
INFO 2025-11-26 09:51:32,319 utils 16166 137464952690496 NumExpr defaulting to 8 threads.
INFO 2025-11-26 09:51:37,461 basehttp 16166 137464287860416 "GET / HTTP/1.1" 200 19379
WARNING 2025-11-26 09:51:38,678 basehttp 16166 137464287860416 "GET /favicon.ico HTTP/1.1" 404 5293
INFO 2025-11-26 09:51:57,860 basehttp 16166 137464287860416 "GET /report/project-type-wise/ HTTP/1.1" 200 18046
INFO 2025-11-26 09:53:05,223 project_type_wise_service 16166 137464287860416 Input file validation passed: /home/tvr/PS-Reports/Code/data/uploads/ProjectsList.XLSX
INFO 2025-11-26 09:53:05,645 basehttp 16166 137464287860416 "POST /report/project-type-wise/ HTTP/1.1" 200 146219
INFO 2025-11-26 09:53:55,629 basehttp 16166 137464287860416 "GET /report/glimps-of-projects/ HTTP/1.1" 200 19286
INFO 2025-11-26 09:54:26,644 glimps_of_projects_service 16166 137464287860416 Input file validation passed: /home/tvr/PS-Reports/Code/data/uploads/ALL_PROJECT_558.DAT
INFO 2025-11-26 09:54:26,683 basehttp 16166 137464287860416 "POST /report/glimps-of-projects/ HTTP/1.1" 200 28751
INFO 2025-11-26 09:59:58,035 utils 17463 139974395529024 Note: NumExpr detected 20 cores but "NUMEXPR_MAX_THREADS" not set, so enforcing safe limit of 8.
INFO 2025-11-26 09:59:58,035 utils 17463 139974395529024 NumExpr defaulting to 8 threads.
INFO 2025-11-26 10:00:26,367 utils 17545 124211845826368 Note: NumExpr detected 20 cores but "NUMEXPR_MAX_THREADS" not set, so enforcing safe limit of 8.
INFO 2025-11-26 10:00:26,367 utils 17545 124211845826368 NumExpr defaulting to 8 threads.
INFO 2025-11-26 10:02:38,657 utils 17844 139478353618752 Note: NumExpr detected 20 cores but "NUMEXPR_MAX_THREADS" not set, so enforcing safe limit of 8.
INFO 2025-11-26 10:02:38,657 utils 17844 139478353618752 NumExpr defaulting to 8 threads.
INFO 2025-11-26 10:02:43,367 utils 17884 126400403572544 Note: NumExpr detected 20 cores but "NUMEXPR_MAX_THREADS" not set, so enforcing safe limit of 8.
INFO 2025-11-26 10:02:43,367 utils 17884 126400403572544 NumExpr defaulting to 8 threads.
INFO 2025-11-26 10:03:51,414 autoreload 18018 136391133218624 Watching for file changes with StatReloader
INFO 2025-11-26 10:03:51,517 utils 18018 136391133218624 Note: NumExpr detected 20 cores but "NUMEXPR_MAX_THREADS" not set, so enforcing safe limit of 8.
INFO 2025-11-26 10:03:51,517 utils 18018 136391133218624 NumExpr defaulting to 8 threads.
INFO 2025-11-26 10:03:56,413 basehttp 18018 136390467995328 "GET / HTTP/1.1" 200 19379
WARNING 2025-11-26 10:03:57,597 basehttp 18018 136390467995328 "GET /favicon.ico HTTP/1.1" 404 5293
ERROR 2025-11-26 10:04:01,225 basehttp 18018 136390467995328 "GET /report/glimps-of-projects/ HTTP/1.1" 500 213350
INFO 2025-11-26 10:05:30,715 autoreload 18679 126595483817792 Watching for file changes with StatReloader
INFO 2025-11-26 10:05:30,818 utils 18679 126595438925504 Note: NumExpr detected 20 cores but "NUMEXPR_MAX_THREADS" not set, so enforcing safe limit of 8.
INFO 2025-11-26 10:05:30,818 utils 18679 126595438925504 NumExpr defaulting to 8 threads.
INFO 2025-11-26 10:05:35,796 basehttp 18679 126594818852544 "GET /report/glimps-of-projects/ HTTP/1.1" 200 19374
INFO 2025-11-26 10:05:45,285 glimps_of_projects_service 18679 126594818852544 Input file validation passed: /home/tvr/PS-Reports/Code/data/uploads/ALL_PROJECT_558.DAT
INFO 2025-11-26 10:05:45,328 basehttp 18679 126594818852544 "POST /report/glimps-of-projects/ HTTP/1.1" 200 28897
INFO 2025-11-26 10:05:45,341 basehttp 18679 126594818852544 "GET /static/reports/vendor/chartjs/chart.umd.min.js HTTP/1.1" 200 205222
INFO 2025-11-26 10:08:52,123 autoreload 18819 127878180374336 Watching for file changes with StatReloader
INFO 2025-11-26 10:08:52,229 utils 18819 127878180374336 Note: NumExpr detected 20 cores but "NUMEXPR_MAX_THREADS" not set, so enforcing safe limit of 8.
INFO 2025-11-26 10:08:52,229 utils 18819 127878180374336 NumExpr defaulting to 8 threads.
INFO 2025-11-26 10:09:13,583 glimps_of_projects_service 18819 127877515134656 Input file validation passed: /home/tvr/PS-Reports/Code/data/uploads/ALL_PROJECT_558.DAT
INFO 2025-11-26 10:09:13,636 basehttp 18819 127877515134656 "POST /report/glimps-of-projects/ HTTP/1.1" 200 30081
INFO 2025-11-26 10:09:13,653 basehttp 18819 127877515134656 "GET /static/reports/vendor/chartjs/chart.umd.min.js HTTP/1.1" 304 0
INFO 2025-11-26 10:09:23,888 basehttp 18819 127877515134656 "GET /report/glimps-of-projects/ HTTP/1.1" 200 20558
INFO 2025-11-26 10:09:30,384 glimps_of_projects_service 18819 127877515134656 Input file validation passed: /home/tvr/PS-Reports/Code/data/uploads/ALL_PROJECT_558.DAT
INFO 2025-11-26 10:09:30,415 basehttp 18819 127877515134656 "POST /report/glimps-of-projects/ HTTP/1.1" 200 30081
INFO 2025-11-26 10:12:03,574 glimps_of_projects_service 18819 127877515134656 Input file validation passed: /home/tvr/PS-Reports/Code/data/uploads/ALL_PROJECT_558.DAT
INFO 2025-11-26 10:12:03,601 basehttp 18819 127877515134656 "POST /report/glimps-of-projects/ HTTP/1.1" 200 30986
INFO 2025-11-26 10:12:03,615 basehttp 18819 127877515134656 "GET /static/reports/vendor/chartjs/chart.umd.min.js HTTP/1.1" 304 0
INFO 2025-11-26 10:12:21,793 autoreload 18958 129105209308992 Watching for file changes with StatReloader
INFO 2025-11-26 10:12:21,896 utils 18958 129105209308992 Note: NumExpr detected 20 cores but "NUMEXPR_MAX_THREADS" not set, so enforcing safe limit of 8.
INFO 2025-11-26 10:12:21,896 utils 18958 129105209308992 NumExpr defaulting to 8 threads.
INFO 2025-11-26 10:12:25,265 basehttp 18958 129104544089792 "GET / HTTP/1.1" 200 19379
INFO 2025-11-26 10:12:29,784 basehttp 18958 129104544089792 "GET /report/glimps-of-projects/ HTTP/1.1" 200 21463
INFO 2025-11-26 10:12:37,355 glimps_of_projects_service 18958 129104544089792 Input file validation passed: /home/tvr/PS-Reports/Code/data/uploads/ALL_PROJECT_558.DAT
INFO 2025-11-26 10:12:37,398 basehttp 18958 129104544089792 "POST /report/glimps-of-projects/ HTTP/1.1" 200 30986
INFO 2025-11-26 10:14:43,567 basehttp 18958 129104544089792 "GET /report/glimps-of-projects/ HTTP/1.1" 200 22598
INFO 2025-11-26 10:14:46,163 basehttp 18958 129104544089792 "GET / HTTP/1.1" 200 19379
INFO 2025-11-26 10:14:58,858 autoreload 19070 132870215518016 Watching for file changes with StatReloader
INFO 2025-11-26 10:14:58,959 utils 19070 132870215518016 Note: NumExpr detected 20 cores but "NUMEXPR_MAX_THREADS" not set, so enforcing safe limit of 8.
INFO 2025-11-26 10:14:58,959 utils 19070 132870215518016 NumExpr defaulting to 8 threads.
INFO 2025-11-26 10:15:02,445 basehttp 19070 132869550511808 "GET / HTTP/1.1" 200 19379
INFO 2025-11-26 10:15:06,006 basehttp 19070 132869550511808 "GET /report/glimps-of-projects/ HTTP/1.1" 200 22598
INFO 2025-11-26 10:15:14,573 glimps_of_projects_service 19070 132869550511808 Input file validation passed: /home/tvr/PS-Reports/Code/data/uploads/ALL_PROJECT_558.DAT
INFO 2025-11-26 10:15:14,609 basehttp 19070 132869550511808 "POST /report/glimps-of-projects/ HTTP/1.1" 200 32121
INFO 2025-11-26 10:15:14,623 basehttp 19070 132869550511808 "GET /static/reports/vendor/chartjs/chart.umd.min.js HTTP/1.1" 304 0
INFO 2025-11-26 10:18:48,566 glimps_of_projects_service 19070 132869550511808 Input file validation passed: /home/tvr/PS-Reports/Code/data/uploads/ALL_PROJECT_558.DAT
INFO 2025-11-26 10:18:48,601 basehttp 19070 132869550511808 "POST /report/glimps-of-projects/ HTTP/1.1" 200 27533
INFO 2025-11-26 10:18:48,618 basehttp 19070 132869550511808 "GET /static/reports/vendor/chartjs/chart.umd.min.js HTTP/1.1" 304 0
INFO 2025-11-26 10:20:51,912 glimps_of_projects_service 19070 132869550511808 Input file validation passed: /home/tvr/PS-Reports/Code/data/uploads/ALL_PROJECT_558.DAT
INFO 2025-11-26 10:20:51,951 basehttp 19070 132869550511808 "POST /report/glimps-of-projects/ HTTP/1.1" 200 30629
INFO 2025-11-26 10:20:51,965 basehttp 19070 132869550511808 "GET /static/reports/vendor/chartjs/chart.umd.min.js HTTP/1.1" 304 0
INFO 2025-11-30 14:17:40,055 utils 8430 124899156424512 Note: NumExpr detected 20 cores but "NUMEXPR_MAX_THREADS" not set, so enforcing safe limit of 8.
INFO 2025-11-30 14:17:40,068 utils 8430 124899156424512 NumExpr defaulting to 8 threads.
INFO 2025-11-30 14:17:58,242 utils 8473 138809867753280 Note: NumExpr detected 20 cores but "NUMEXPR_MAX_THREADS" not set, so enforcing safe limit of 8.
INFO 2025-11-30 14:17:58,243 utils 8473 138809867753280 NumExpr defaulting to 8 threads.
INFO 2025-11-30 14:18:20,596 basehttp 8473 138809280120512 "GET /report/project-analysis/ HTTP/1.1" 200 13112
INFO 2025-11-30 14:21:00,134 utils 8669 124964071839552 Note: NumExpr detected 20 cores but "NUMEXPR_MAX_THREADS" not set, so enforcing safe limit of 8.
INFO 2025-11-30 14:21:00,134 utils 8669 124964071839552 NumExpr defaulting to 8 threads.
INFO 2025-11-30 14:23:34,260 utils 8859 130598728787776 Note: NumExpr detected 20 cores but "NUMEXPR_MAX_THREADS" not set, so enforcing safe limit of 8.
INFO 2025-11-30 14:23:34,260 utils 8859 130598728787776 NumExpr defaulting to 8 threads.
INFO 2025-11-30 14:23:36,088 data_processing 8859 130598728787776 Cleaning DAT file: /tmp/tmp7borm3hz/input.dat -> /tmp/tmp7borm3hz/output.dat, pattern: budget_report
INFO 2025-11-30 14:23:36,088 data_processing 8859 130598728787776 DAT file cleaned successfully: 5 -> 3 lines
INFO 2025-11-30 14:23:36,089 data_processing 8859 130598728787776 Reading DAT file: /tmp/tmpw7zj2d22/test.dat, encoding: iso-8859-1
INFO 2025-11-30 14:23:36,101 data_processing 8859 130598728787776 Successfully read DAT file: 2 rows, 3 columns
INFO 2025-11-30 14:23:36,163 formatting 8859 130598728787776 Excel styles registered successfully
INFO 2025-11-30 14:23:36,163 formatting 8859 130598728787776 Data validation added to A1
INFO 2025-11-30 14:23:36,172 formatting 8859 130598728787776 Excel styles registered successfully
INFO 2025-11-30 14:23:36,196 formatting 8859 130598728787776 Excel styles registered successfully
INFO 2025-11-30 14:24:46,936 utils 9003 124819192915776 Note: NumExpr detected 20 cores but "NUMEXPR_MAX_THREADS" not set, so enforcing safe limit of 8.
INFO 2025-11-30 14:24:46,936 utils 9003 124819192915776 NumExpr defaulting to 8 threads.
INFO 2025-11-30 14:24:50,656 data_processing 9003 124819192915776 Cleaning DAT file: /tmp/tmp0t3sywdp/input.dat -> /tmp/tmp0t3sywdp/output.dat, pattern: budget_report
INFO 2025-11-30 14:24:50,656 data_processing 9003 124819192915776 DAT file cleaned successfully: 5 -> 3 lines
INFO 2025-11-30 14:24:50,658 data_processing 9003 124819192915776 Reading DAT file: /tmp/tmpfqao80ux/test.dat, encoding: iso-8859-1
INFO 2025-11-30 14:24:50,662 data_processing 9003 124819192915776 Successfully read DAT file: 2 rows, 3 columns
INFO 2025-11-30 14:24:50,765 formatting 9003 124819192915776 Excel styles registered successfully
INFO 2025-11-30 14:24:50,766 formatting 9003 124819192915776 Data validation added to A1
INFO 2025-11-30 14:24:50,780 formatting 9003 124819192915776 Excel styles registered successfully
INFO 2025-11-30 14:24:50,855 formatting 9003 124819192915776 Excel styles registered successfully
INFO 2025-11-30 14:31:00,693 utils 9338 123516034398016 Note: NumExpr detected 20 cores but "NUMEXPR_MAX_THREADS" not set, so enforcing safe limit of 8.
INFO 2025-11-30 14:31:00,693 utils 9338 123516034398016 NumExpr defaulting to 8 threads.
INFO 2025-11-30 14:31:12,022 utils 9377 130578189440832 Note: NumExpr detected 20 cores but "NUMEXPR_MAX_THREADS" not set, so enforcing safe limit of 8.
INFO 2025-11-30 14:31:12,022 utils 9377 130578189440832 NumExpr defaulting to 8 threads.
WARNING 2025-11-30 14:31:20,598 basehttp 8473 138809280120512 "GET /accounts/login/ HTTP/1.1" 404 5305
WARNING 2025-11-30 14:31:20,613 basehttp 8473 138809280120512 "GET /accounts/register/ HTTP/1.1" 404 5314
INFO 2025-11-30 14:32:10,297 autoreload 9535 131784862918464 Watching for file changes with StatReloader
INFO 2025-11-30 14:32:10,517 utils 9535 131784818005696 Note: NumExpr detected 20 cores but "NUMEXPR_MAX_THREADS" not set, so enforcing safe limit of 8.
INFO 2025-11-30 14:32:10,517 utils 9535 131784818005696 NumExpr defaulting to 8 threads.
INFO 2025-11-30 14:32:22,453 basehttp 9535 131784197924544 "GET /accounts/login/ HTTP/1.1" 200 10152
INFO 2025-11-30 14:34:54,796 autoreload 9535 131784862918464 /home/tvr/PS-Reports/Code/reports/models.py changed, reloading.
INFO 2025-11-30 14:34:55,238 autoreload 9698 134653720524608 Watching for file changes with StatReloader
INFO 2025-11-30 14:34:55,451 utils 9698 134653720524608 Note: NumExpr detected 20 cores but "NUMEXPR_MAX_THREADS" not set, so enforcing safe limit of 8.
INFO 2025-11-30 14:34:55,451 utils 9698 134653720524608 NumExpr defaulting to 8 threads.
INFO 2025-11-30 14:35:12,082 autoreload 9698 134653720524608 /home/tvr/PS-Reports/Code/reports/models.py changed, reloading.
INFO 2025-11-30 14:35:12,532 autoreload 9715 135091671095104 Watching for file changes with StatReloader
INFO 2025-11-30 14:35:12,749 utils 9715 135091671095104 Note: NumExpr detected 20 cores but "NUMEXPR_MAX_THREADS" not set, so enforcing safe limit of 8.
INFO 2025-11-30 14:35:12,750 utils 9715 135091671095104 NumExpr defaulting to 8 threads.
INFO 2025-11-30 14:35:25,772 utils 9759 134597130266432 Note: NumExpr detected 20 cores but "NUMEXPR_MAX_THREADS" not set, so enforcing safe limit of 8.
INFO 2025-11-30 14:35:25,773 utils 9759 134597130266432 NumExpr defaulting to 8 threads.
INFO 2025-11-30 14:35:33,708 utils 9800 138827496900416 Note: NumExpr detected 20 cores but "NUMEXPR_MAX_THREADS" not set, so enforcing safe limit of 8.
INFO 2025-11-30 14:35:33,708 utils 9800 138827496900416 NumExpr defaulting to 8 threads.
INFO 2025-11-30 14:35:46,537 autoreload 9715 135091671095104 /home/tvr/PS-Reports/Code/reports/admin.py changed, reloading.
INFO 2025-11-30 14:35:46,975 autoreload 9819 138939353597760 Watching for file changes with StatReloader
INFO 2025-11-30 14:35:47,214 utils 9819 138939353597760 Note: NumExpr detected 20 cores but "NUMEXPR_MAX_THREADS" not set, so enforcing safe limit of 8.
INFO 2025-11-30 14:35:47,214 utils 9819 138939353597760 NumExpr defaulting to 8 threads.
INFO 2025-11-30 14:35:57,779 autoreload 9819 138939353597760 /home/tvr/PS-Reports/Code/reports/admin.py changed, reloading.
INFO 2025-11-30 14:39:01,612 utils 9986 134106131236672 Note: NumExpr detected 20 cores but "NUMEXPR_MAX_THREADS" not set, so enforcing safe limit of 8.
INFO 2025-11-30 14:39:01,612 utils 9986 134106131236672 NumExpr defaulting to 8 threads.
INFO 2025-12-01 04:51:57,335 autoreload 7652 137964426217280 Watching for file changes with StatReloader
INFO 2025-12-01 04:51:57,688 utils 7652 137964426217280 Note: NumExpr detected 20 cores but "NUMEXPR_MAX_THREADS" not set, so enforcing safe limit of 8.
INFO 2025-12-01 04:51:57,688 utils 7652 137964426217280 NumExpr defaulting to 8 threads.
INFO 2025-12-01 04:52:02,292 basehttp 7652 137963761309376 "GET / HTTP/1.1" 200 19985
INFO 2025-12-01 04:52:02,326 basehttp 7652 137963677677248 "GET /static/reports/css/main.css?v= HTTP/1.1" 200 15688
INFO 2025-12-01 04:52:02,328 basehttp 7652 137963652499136 "GET /static/reports/js/main.js?v= HTTP/1.1" 200 21075
INFO 2025-12-01 04:52:02,328 basehttp 7652 137963669284544 "GET /static/reports/vendor/fontawesome/all.min.css HTTP/1.1" 200 101965
INFO 2025-12-01 04:52:02,329 basehttp 7652 137963660891840 "GET /static/reports/vendor/bootstrap/bootstrap.bundle.min.js HTTP/1.1" 200 80421
INFO 2025-12-01 04:52:02,329 basehttp 7652 137963761309376 "GET /static/reports/vendor/bootstrap/bootstrap.min.css HTTP/1.1" 200 232914
INFO 2025-12-01 04:52:02,527 basehttp 7652 137963761309376 "GET /static/reports/vendor/fontawesome/webfonts/fa-solid-900.woff2 HTTP/1.1" 200 150124
WARNING 2025-12-01 04:52:02,548 basehttp 7652 137963761309376 "GET /favicon.ico HTTP/1.1" 404 6635
INFO 2025-12-01 04:52:15,821 basehttp 7652 137963669284544 "GET /accounts/register/ HTTP/1.1" 200 12354
INFO 2025-12-01 04:53:54,587 basehttp 7652 137963761309376 "POST /accounts/register/ HTTP/1.1" 200 12929
INFO 2025-12-01 04:54:10,304 basehttp 7652 137963761309376 "GET /accounts/login/ HTTP/1.1" 200 10152
INFO 2025-12-01 04:54:16,278 basehttp 7652 137963761309376 "POST /accounts/login/ HTTP/1.1" 200 10829
INFO 2025-12-01 04:54:39,635 basehttp 7652 137963761309376 "POST /accounts/login/ HTTP/1.1" 200 10834
INFO 2025-12-01 04:54:49,001 basehttp 7652 137963761309376 "GET / HTTP/1.1" 200 19985
INFO 2025-12-01 04:54:57,706 basehttp 7652 137963761309376 "GET /report/project-analysis/ HTTP/1.1" 200 13718
INFO 2025-12-01 04:57:52,117 basehttp 7652 137963652499136 code 400, message Bad request version ('À\x13À')
ERROR 2025-12-01 04:57:52,118 basehttp 7652 137963652499136 You're accessing the development server over HTTPS, but it only supports HTTP.
INFO 2025-12-01 05:01:20,399 data_processing 7652 137963761309376 Reading DAT file: /home/tvr/PS-Reports/Code/data/uploads/ALL_PROJECT_558.DAT, encoding: iso-8859-1
INFO 2025-12-01 05:01:20,409 basehttp 7652 137963761309376 "POST /report/project-analysis/ HTTP/1.1" 200 14159
INFO 2025-12-01 06:03:49,086 autoreload 15193 140244321802048 Watching for file changes with StatReloader
INFO 2025-12-01 06:03:49,192 utils 15193 140244321802048 Note: NumExpr detected 20 cores but "NUMEXPR_MAX_THREADS" not set, so enforcing safe limit of 8.
INFO 2025-12-01 06:03:49,192 utils 15193 140244321802048 NumExpr defaulting to 8 threads.
INFO 2025-12-01 06:04:02,837 data_processing 15193 140243656591040 Reading DAT file: /home/tvr/PS-Reports/Code/data/uploads/ALL_PROJECT_558.DAT, encoding: iso-8859-1
INFO 2025-12-01 06:04:02,850 basehttp 15193 140243656591040 "POST /report/project-analysis/ HTTP/1.1" 200 14159
INFO 2025-12-01 06:04:16,693 data_processing 15193 140243656591040 Reading DAT file: /home/tvr/PS-Reports/Code/data/uploads/ALL_PROJECT_558.DAT, encoding: iso-8859-1
INFO 2025-12-01 06:04:16,700 basehttp 15193 140243656591040 "POST /report/project-analysis/ HTTP/1.1" 200 14159
INFO 2025-12-01 17:01:31,204 autoreload 13688 13016 Watching for file changes with StatReloader
INFO 2025-12-01 17:01:31,442 utils 13688 13016 Note: NumExpr detected 20 cores but "NUMEXPR_MAX_THREADS" not set, so enforcing safe limit of 16.
INFO 2025-12-01 17:01:31,443 utils 13688 13016 NumExpr defaulting to 16 threads.
INFO 2025-12-01 17:01:42,806 basehttp 13688 14720 "GET / HTTP/1.1" 200 19985
INFO 2025-12-01 17:01:42,860 basehttp 13688 15236 "GET /static/reports/vendor/bootstrap/bootstrap.min.css HTTP/1.1" 304 0
INFO 2025-12-01 17:01:42,863 basehttp 13688 16392 "GET /static/reports/css/main.css?v= HTTP/1.1" 304 0
INFO 2025-12-01 17:01:42,866 basehttp 13688 2036 "GET /static/reports/vendor/fontawesome/all.min.css HTTP/1.1" 304 0
INFO 2025-12-01 17:01:42,867 basehttp 13688 15712 "GET /static/reports/js/main.js?v= HTTP/1.1" 304 0
INFO 2025-12-01 17:01:42,867 basehttp 13688 9996 "GET /static/reports/vendor/bootstrap/bootstrap.bundle.min.js HTTP/1.1" 304 0
WARNING 2025-12-01 17:01:43,160 basehttp 13688 9996 "GET /favicon.ico HTTP/1.1" 404 6635
INFO 2025-12-01 17:01:47,945 basehttp 13688 12260 "GET /report/project-analysis/ HTTP/1.1" 200 13718
INFO 2025-12-01 17:02:58,339 data_processing 13688 12260 Reading DAT file: D:\New-PS-Reports\PS-Reports\Code\data\uploads\AllProjects558.DAT, encoding: iso-8859-1
INFO 2025-12-01 17:02:58,399 basehttp 13688 12260 "POST /report/project-analysis/ HTTP/1.1" 200 14159
INFO 2025-12-01 17:07:02,783 autoreload 13688 13016 D:\New-PS-Reports\PS-Reports\Code\reports\services\project_analysis_service.py changed, reloading.
INFO 2025-12-01 17:07:03,397 autoreload 18252 13024 Watching for file changes with StatReloader
INFO 2025-12-01 17:07:03,631 utils 18252 13024 Note: NumExpr detected 20 cores but "NUMEXPR_MAX_THREADS" not set, so enforcing safe limit of 16.
INFO 2025-12-01 17:07:03,632 utils 18252 13024 NumExpr defaulting to 16 threads.
INFO 2025-12-01 17:07:23,421 utils 13564 2156 Note: NumExpr detected 20 cores but "NUMEXPR_MAX_THREADS" not set, so enforcing safe limit of 16.
INFO 2025-12-01 17:07:23,421 utils 13564 2156 NumExpr defaulting to 16 threads.
INFO 2025-12-01 17:09:59,326 autoreload 18252 13024 D:\New-PS-Reports\PS-Reports\Code\reports\forms.py changed, reloading.
INFO 2025-12-01 17:09:59,985 autoreload 12120 20444 Watching for file changes with StatReloader
INFO 2025-12-01 17:10:00,220 utils 12120 20444 Note: NumExpr detected 20 cores but "NUMEXPR_MAX_THREADS" not set, so enforcing safe limit of 16.
INFO 2025-12-01 17:10:00,221 utils 12120 20444 NumExpr defaulting to 16 threads.
INFO 2025-12-01 17:12:09,528 basehttp 12120 11744 "GET / HTTP/1.1" 200 19985
INFO 2025-12-01 17:12:28,394 basehttp 12120 20940 "GET / HTTP/1.1" 200 19985
INFO 2025-12-01 17:12:28,432 basehttp 12120 20940 "GET /static/reports/vendor/bootstrap/bootstrap.min.css HTTP/1.1" 200 232914
INFO 2025-12-01 17:12:28,438 basehttp 12120 20940 "GET /static/reports/vendor/fontawesome/all.min.css HTTP/1.1" 200 101965
INFO 2025-12-01 17:12:28,442 basehttp 12120 20940 "GET /static/reports/css/main.css?v= HTTP/1.1" 200 15688
INFO 2025-12-01 17:12:28,444 basehttp 12120 20940 "GET /static/reports/vendor/bootstrap/bootstrap.bundle.min.js HTTP/1.1" 200 80421
INFO 2025-12-01 17:12:28,446 basehttp 12120 20940 "GET /static/reports/js/main.js?v= HTTP/1.1" 200 21075
INFO 2025-12-01 17:12:28,505 basehttp 12120 20940 "GET /static/reports/vendor/fontawesome/webfonts/fa-solid-900.woff2 HTTP/1.1" 200 150124
WARNING 2025-12-01 17:12:29,658 basehttp 12120 20940 "GET /favicon.ico HTTP/1.1" 404 6635
INFO 2025-12-01 17:12:32,639 basehttp 12120 20940 "GET /report/project-analysis/ HTTP/1.1" 200 13804
INFO 2025-12-01 17:13:05,954 basehttp 12120 20940 "POST /report/project-analysis/ HTTP/1.1" 200 18430
INFO 2025-12-01 17:13:33,982 basehttp 12120 20940 "GET /download/project_analysis_20251201_171305.xlsx/ HTTP/1.1" 200 73100
INFO 2025-12-01 17:17:15,320 basehttp 12120 21364 "GET /browse/master-data/ HTTP/1.1" 200 39095
INFO 2025-12-01 17:17:41,059 basehttp 12120 21364 "GET /browse/master-data/?type=company_codes HTTP/1.1" 200 14554
INFO 2025-12-01 17:17:45,986 basehttp 12120 21364 "GET /browse/master-data/?type=project_types HTTP/1.1" 200 16361
INFO 2025-12-01 17:18:13,074 basehttp 12120 21364 "GET / HTTP/1.1" 200 19985
INFO 2025-12-01 17:18:16,040 basehttp 12120 21364 "GET /accounts/login/ HTTP/1.1" 200 10152
INFO 2025-12-01 17:18:51,239 basehttp 12120 21364 "POST /accounts/login/ HTTP/1.1" 302 0
INFO 2025-12-01 17:18:51,252 basehttp 12120 21364 "GET / HTTP/1.1" 200 21546
INFO 2025-12-01 17:23:07,290 basehttp 12120 20652 "GET / HTTP/1.1" 200 19985
INFO 2025-12-01 17:23:10,107 basehttp 12120 20652 "GET /accounts/login/ HTTP/1.1" 200 10152
INFO 2025-12-01 17:23:13,347 basehttp 12120 20652 "POST /accounts/login/ HTTP/1.1" 200 10834
INFO 2025-12-01 17:23:30,978 basehttp 12120 20652 "POST /accounts/login/ HTTP/1.1" 302 0
INFO 2025-12-01 17:23:30,992 basehttp 12120 20652 "GET / HTTP/1.1" 200 21546
INFO 2025-12-01 17:23:49,169 basehttp 12120 20652 "POST /accounts/logout/ HTTP/1.1" 302 0
INFO 2025-12-01 17:23:49,189 basehttp 12120 20652 "GET /accounts/login/ HTTP/1.1" 200 10573
INFO 2025-12-01 17:40:27,386 utils 20688 20500 Note: NumExpr detected 20 cores but "NUMEXPR_MAX_THREADS" not set, so enforcing safe limit of 16.
INFO 2025-12-01 17:40:27,386 utils 20688 20500 NumExpr defaulting to 16 threads.
INFO 2026-04-09 11:47:50,549 autoreload 2264 12808 Watching for file changes with StatReloader
INFO 2026-04-09 11:48:32,167 utils 2264 12808 Note: NumExpr detected 20 cores but "NUMEXPR_MAX_THREADS" not set, so enforcing safe limit of 16.
INFO 2026-04-09 11:48:32,167 utils 2264 12808 NumExpr defaulting to 16 threads.
INFO 2026-04-09 11:48:39,669 basehttp 2264 7848 "GET / HTTP/1.1" 200 19985
INFO 2026-04-09 11:48:39,712 basehttp 2264 7848 "GET /static/reports/vendor/bootstrap/bootstrap.min.css HTTP/1.1" 200 232914
INFO 2026-04-09 11:48:39,715 basehttp 2264 13460 "GET /static/reports/js/main.js?v= HTTP/1.1" 200 21075
INFO 2026-04-09 11:48:39,716 basehttp 2264 18888 "GET /static/reports/css/main.css?v= HTTP/1.1" 200 15688
INFO 2026-04-09 11:48:39,717 basehttp 2264 7824 "GET /static/reports/vendor/bootstrap/bootstrap.bundle.min.js HTTP/1.1" 200 80421
INFO 2026-04-09 11:48:39,717 basehttp 2264 3212 "GET /static/reports/vendor/fontawesome/all.min.css HTTP/1.1" 200 101965
INFO 2026-04-09 11:48:39,789 basehttp 2264 7824 "GET /static/reports/vendor/fontawesome/webfonts/fa-solid-900.woff2 HTTP/1.1" 200 150124
WARNING 2026-04-09 11:48:40,134 basehttp 2264 7824 "GET /favicon.ico HTTP/1.1" 404 6635
INFO 2026-04-09 11:48:57,931 basehttp 2264 7824 "GET /report/project-analysis/ HTTP/1.1" 200 13886
INFO 2026-04-09 11:49:17,319 basehttp 2264 7824 "GET /report/project-type-wise/ HTTP/1.1" 200 18652
INFO 2026-04-09 11:50:19,493 basehttp 2264 2320 "GET / HTTP/1.1" 200 19985
INFO 2026-04-09 11:53:33,184 basehttp 2264 18928 "GET /report/project-type-wise/ HTTP/1.1" 200 18652
INFO 2026-04-09 11:54:00,648 project_type_wise_service 2264 18928 Input file validation passed: D:\New-PS-Reports\PS-Reports\Code\data\uploads\CN42N.XLSX
INFO 2026-04-09 11:54:01,414 basehttp 2264 18928 "POST /report/project-type-wise/ HTTP/1.1" 200 149785
INFO 2026-04-09 11:54:25,876 basehttp 2264 18928 "GET /download/CN42NSummary.xlsx/ HTTP/1.1" 200 111889
INFO 2026-04-09 11:58:59,741 basehttp 2264 18928 "GET /report/glimps-of-projects/ HTTP/1.1" 200 21712
INFO 2026-04-09 12:05:31,489 glimps_of_projects_service 2264 16324 Input file validation passed: D:\New-PS-Reports\PS-Reports\Code\data\uploads\ALL_PROJECT_558.DAT
INFO 2026-04-09 12:05:31,619 basehttp 2264 16324 "POST /report/glimps-of-projects/ HTTP/1.1" 200 31235
INFO 2026-04-09 12:05:31,658 basehttp 2264 16324 "GET /static/reports/vendor/chartjs/chart.umd.min.js HTTP/1.1" 200 205222
INFO 2026-04-09 12:05:52,802 basehttp 2264 16324 "GET /download/CrossTab_Report.xlsx/ HTTP/1.1" 200 7617
INFO 2026-04-09 12:07:30,575 basehttp 2264 16324 "GET / HTTP/1.1" 200 19985
INFO 2026-04-09 12:07:41,486 basehttp 2264 16324 "GET /report/budget/ HTTP/1.1" 200 18557
INFO 2026-04-09 12:07:53,197 budget_report_service 2264 16324 Input file validation passed: D:\New-PS-Reports\PS-Reports\Code\data\uploads\TS2_558.DAT
INFO 2026-04-09 12:07:53,201 budget_report_service 2264 16324 Cleaned data written to D:\New-PS-Reports\PS-Reports\Code\data\uploads\cleaned_TS2_558.DAT
INFO 2026-04-09 12:07:53,201 data_processing 2264 16324 Reading DAT file: D:\New-PS-Reports\PS-Reports\Code\data\uploads\cleaned_TS2_558.DAT, encoding: iso-8859-1
INFO 2026-04-09 12:07:53,218 data_processing 2264 16324 Successfully read DAT file: 662 rows, 36 columns
INFO 2026-04-09 12:07:54,440 basehttp 2264 16324 "POST /report/budget/ HTTP/1.1" 200 1077873
INFO 2026-04-09 12:08:00,622 basehttp 2264 16324 "GET /download/TS2_558.xlsx/ HTTP/1.1" 200 107738
INFO 2026-04-09 12:16:16,752 basehttp 2264 19316 "GET / HTTP/1.1" 200 19985
INFO 2026-04-09 12:16:29,807 basehttp 2264 19316 "GET /report/project-analysis/ HTTP/1.1" 200 13886
INFO 2026-04-09 12:16:38,048 basehttp 2264 19316 "GET / HTTP/1.1" 200 19985
INFO 2026-04-09 12:16:48,927 basehttp 2264 19316 "GET /report/glimps-of-projects/ HTTP/1.1" 200 21712
INFO 2026-04-09 12:40:32,176 autoreload 21264 6456 Watching for file changes with StatReloader
INFO 2026-04-09 12:40:32,420 utils 21264 6456 Note: NumExpr detected 20 cores but "NUMEXPR_MAX_THREADS" not set, so enforcing safe limit of 16.
INFO 2026-04-09 12:40:32,420 utils 21264 6456 NumExpr defaulting to 16 threads.
INFO 2026-04-09 12:40:36,652 basehttp 21264 16056 "GET / HTTP/1.1" 200 19985
INFO 2026-04-09 12:40:45,217 basehttp 21264 16056 "GET /report/glimps-of-projects/ HTTP/1.1" 200 21712
INFO 2026-04-09 12:40:59,924 glimps_of_projects_service 21264 16056 Input file validation passed: D:\New-PS-Reports\PS-Reports\Code\data\uploads\All-Projects_558.DAT
INFO 2026-04-09 12:41:00,230 basehttp 21264 16056 "POST /report/glimps-of-projects/ HTTP/1.1" 200 31235
INFO 2026-04-09 12:41:23,777 basehttp 21264 16056 "GET /download/CrossTab_Report.xlsx/ HTTP/1.1" 200 7619
INFO 2026-04-09 12:41:38,824 basehttp 21264 16056 "GET / HTTP/1.1" 200 19985
INFO 2026-04-09 12:41:45,192 basehttp 21264 16056 "GET /report/project-type-wise/ HTTP/1.1" 200 18652
INFO 2026-04-09 12:42:13,211 project_type_wise_service 21264 16056 Input file validation passed: D:\New-PS-Reports\PS-Reports\Code\data\uploads\CN42N.XLSX
INFO 2026-04-09 12:42:15,762 basehttp 21264 16056 "POST /report/project-type-wise/ HTTP/1.1" 200 149785
INFO 2026-04-09 12:42:34,637 basehttp 21264 16056 "GET /report/project-type-wise/ HTTP/1.1" 200 18652
INFO 2026-04-09 12:42:37,513 basehttp 21264 16056 "GET / HTTP/1.1" 200 19985
INFO 2026-04-09 12:42:51,360 basehttp 21264 16056 "GET /report/budget/ HTTP/1.1" 200 18557
INFO 2026-04-09 12:43:05,452 budget_report_service 21264 16056 Input file validation passed: D:\New-PS-Reports\PS-Reports\Code\data\uploads\TS2_558.DAT
INFO 2026-04-09 12:43:05,474 budget_report_service 21264 16056 Cleaned data written to D:\New-PS-Reports\PS-Reports\Code\data\uploads\cleaned_TS2_558.DAT
INFO 2026-04-09 12:43:05,475 data_processing 21264 16056 Reading DAT file: D:\New-PS-Reports\PS-Reports\Code\data\uploads\cleaned_TS2_558.DAT, encoding: iso-8859-1
INFO 2026-04-09 12:43:05,507 data_processing 21264 16056 Successfully read DAT file: 680 rows, 36 columns
INFO 2026-04-09 12:43:08,878 basehttp 21264 16056 "POST /report/budget/ HTTP/1.1" 200 1103326
INFO 2026-04-09 12:43:23,520 basehttp 21264 16056 "GET /download/TS2_558.xlsx/ HTTP/1.1" 200 106419
INFO 2026-04-09 12:43:38,318 basehttp 21264 16056 "GET / HTTP/1.1" 200 19985
INFO 2026-04-09 12:43:57,925 basehttp 21264 16056 "GET /report/project-analysis/ HTTP/1.1" 200 13886
INFO 2026-04-09 12:44:31,193 basehttp 21264 16056 "GET / HTTP/1.1" 200 19985
INFO 2026-04-09 14:25:19,492 autoreload 11784 7880 Watching for file changes with StatReloader
INFO 2026-04-09 14:25:20,455 utils 11784 7880 Note: NumExpr detected 20 cores but "NUMEXPR_MAX_THREADS" not set, so enforcing safe limit of 16.
INFO 2026-04-09 14:25:20,456 utils 11784 7880 NumExpr defaulting to 16 threads.
INFO 2026-04-09 14:25:25,704 basehttp 11784 9604 "GET / HTTP/1.1" 200 20951
WARNING 2026-04-09 14:25:26,426 basehttp 11784 9604 "GET /favicon.ico HTTP/1.1" 404 6920
INFO 2026-04-09 14:25:33,413 basehttp 11784 9604 "GET /report/cji3-formatter/ HTTP/1.1" 200 17227
INFO 2026-04-09 14:25:59,790 basehttp 11784 9604 "POST /report/cji3-formatter/ HTTP/1.1" 200 55209
INFO 2026-04-09 14:26:31,593 basehttp 11784 9604 "GET /browse/master-data/ HTTP/1.1" 200 39095
INFO 2026-04-09 14:26:39,434 basehttp 11784 9604 "GET /browse/master-data/?type=company_codes HTTP/1.1" 200 14554
INFO 2026-04-09 14:26:45,250 basehttp 11784 9604 "GET /browse/master-data/?type=project_types HTTP/1.1" 200 16361
INFO 2026-04-09 14:26:56,006 basehttp 11784 9604 "GET /browse/master-data/?type=company_codes HTTP/1.1" 200 14554
INFO 2026-04-09 14:27:01,859 basehttp 11784 9604 "GET / HTTP/1.1" 200 20951
INFO 2026-04-09 14:27:08,047 basehttp 11784 9604 "GET /accounts/register/ HTTP/1.1" 200 12372
INFO 2026-04-09 15:14:14,508 autoreload 14828 14876 Watching for file changes with StatReloader
INFO 2026-04-09 15:14:15,740 utils 14828 14876 Note: NumExpr detected 20 cores but "NUMEXPR_MAX_THREADS" not set, so enforcing safe limit of 16.
INFO 2026-04-09 15:14:15,741 utils 14828 14876 NumExpr defaulting to 16 threads.
INFO 2026-04-09 15:14:23,510 basehttp 14828 6732 "GET / HTTP/1.1" 200 20951
WARNING 2026-04-09 15:14:23,832 basehttp 14828 6732 "GET /favicon.ico HTTP/1.1" 404 6920
INFO 2026-04-09 15:14:48,350 basehttp 14828 15736 "GET /report/glimps-of-projects/ HTTP/1.1" 200 21712
INFO 2026-04-09 15:15:10,342 glimps_of_projects_service 14828 15736 Input file validation passed: D:\New-PS-Reports\PS-Reports\Code\data\uploads\All-Projects_558.DAT
INFO 2026-04-09 15:15:10,783 basehttp 14828 15736 "POST /report/glimps-of-projects/ HTTP/1.1" 200 31235
INFO 2026-04-09 15:15:43,182 basehttp 14828 15736 "GET /download/CrossTab_Report.xlsx/ HTTP/1.1" 200 7620
INFO 2026-04-09 15:17:30,145 basehttp 14828 15736 "GET / HTTP/1.1" 200 20951
INFO 2026-04-09 15:17:52,716 basehttp 14828 15736 "GET /report/budget/ HTTP/1.1" 200 18557
INFO 2026-04-09 15:18:12,082 budget_report_service 14828 15736 Input file validation passed: D:\New-PS-Reports\PS-Reports\Code\data\uploads\TS2_558.DAT
INFO 2026-04-09 15:18:12,088 budget_report_service 14828 15736 Cleaned data written to D:\New-PS-Reports\PS-Reports\Code\data\uploads\cleaned_TS2_558.DAT
INFO 2026-04-09 15:18:12,089 data_processing 14828 15736 Reading DAT file: D:\New-PS-Reports\PS-Reports\Code\data\uploads\cleaned_TS2_558.DAT, encoding: iso-8859-1
INFO 2026-04-09 15:18:12,128 data_processing 14828 15736 Successfully read DAT file: 680 rows, 36 columns
INFO 2026-04-09 15:18:15,545 basehttp 14828 15736 "POST /report/budget/ HTTP/1.1" 200 1103326
INFO 2026-04-09 15:18:54,915 basehttp 14828 15736 "GET /download/TS2_558.xlsx/ HTTP/1.1" 200 106419
INFO 2026-04-09 15:19:55,543 basehttp 14828 15736 "GET / HTTP/1.1" 200 20951
INFO 2026-04-09 15:20:09,097 basehttp 14828 15736 "GET /report/cji3-formatter/ HTTP/1.1" 200 17227
INFO 2026-04-09 15:20:28,537 basehttp 14828 15736 "POST /report/cji3-formatter/ HTTP/1.1" 200 55209
INFO 2026-04-09 15:20:51,783 basehttp 14828 15736 "GET /download/CJI3_Formatted_20260409_152025.xlsx/ HTTP/1.1" 200 38574
INFO 2026-04-09 15:29:29,541 basehttp 14828 14872 "GET / HTTP/1.1" 200 20951
INFO 2026-04-13 15:32:21,808 autoreload 11520 10796 Watching for file changes with StatReloader
INFO 2026-04-13 15:32:22,793 utils 11520 10796 Note: NumExpr detected 20 cores but "NUMEXPR_MAX_THREADS" not set, so enforcing safe limit of 16.
INFO 2026-04-13 15:32:22,793 utils 11520 10796 NumExpr defaulting to 16 threads.
INFO 2026-04-13 15:32:30,573 basehttp 11520 14696 "GET / HTTP/1.1" 200 20951
WARNING 2026-04-13 15:32:31,205 basehttp 11520 14696 "GET /favicon.ico HTTP/1.1" 404 6920
INFO 2026-04-13 15:33:41,564 basehttp 11520 14696 "GET /report/glimps-of-projects/ HTTP/1.1" 200 21712
INFO 2026-04-13 15:34:13,297 glimps_of_projects_service 11520 14696 Input file validation passed: D:\New-PS-Reports\PS-Reports\Code\data\uploads\ALL_PROJECT_558.DAT
INFO 2026-04-13 15:34:13,708 basehttp 11520 14696 "POST /report/glimps-of-projects/ HTTP/1.1" 200 31235
INFO 2026-04-13 15:38:16,370 basehttp 11520 2260 "GET /report/glimps-of-projects/ HTTP/1.1" 200 21712
INFO 2026-04-13 15:38:28,291 glimps_of_projects_service 11520 2260 Input file validation passed: D:\New-PS-Reports\PS-Reports\Code\data\uploads\ALL_PROJECT_558.DAT
INFO 2026-04-13 15:38:28,354 basehttp 11520 2260 "POST /report/glimps-of-projects/ HTTP/1.1" 200 30806
INFO 2026-04-15 11:11:08,387 utils 20536 19948 Note: NumExpr detected 20 cores but "NUMEXPR_MAX_THREADS" not set, so enforcing safe limit of 16.
INFO 2026-04-15 11:11:08,388 utils 20536 19948 NumExpr defaulting to 16 threads.
INFO 2026-04-15 11:11:20,122 utils 18680 19928 Note: NumExpr detected 20 cores but "NUMEXPR_MAX_THREADS" not set, so enforcing safe limit of 16.
INFO 2026-04-15 11:11:20,122 utils 18680 19928 NumExpr defaulting to 16 threads.
INFO 2026-04-15 11:11:26,061 utils 15772 17120 Note: NumExpr detected 20 cores but "NUMEXPR_MAX_THREADS" not set, so enforcing safe limit of 16.
INFO 2026-04-15 11:11:26,062 utils 15772 17120 NumExpr defaulting to 16 threads.
INFO 2026-04-15 12:11:15,982 autoreload 21988 22016 Watching for file changes with StatReloader
INFO 2026-04-15 12:11:16,260 utils 21988 22016 Note: NumExpr detected 20 cores but "NUMEXPR_MAX_THREADS" not set, so enforcing safe limit of 16.
INFO 2026-04-15 12:11:16,260 utils 21988 22016 NumExpr defaulting to 16 threads.
INFO 2026-04-15 12:11:32,052 basehttp 21988 13844 "GET / HTTP/1.1" 200 20951
INFO 2026-04-15 12:11:32,073 basehttp 21988 13844 "GET /static/reports/vendor/bootstrap/bootstrap.min.css HTTP/1.1" 200 232914
INFO 2026-04-15 12:11:32,077 basehttp 21988 13844 "GET /static/reports/css/main.css?v= HTTP/1.1" 200 15688
INFO 2026-04-15 12:11:32,082 basehttp 21988 13844 "GET /static/reports/vendor/fontawesome/all.min.css HTTP/1.1" 200 101965
INFO 2026-04-15 12:11:32,086 basehttp 21988 13844 "GET /static/reports/vendor/bootstrap/bootstrap.bundle.min.js HTTP/1.1" 200 80421
INFO 2026-04-15 12:11:32,089 basehttp 21988 13844 "GET /static/reports/js/main.js?v= HTTP/1.1" 200 21075
INFO 2026-04-15 12:11:32,195 basehttp 21988 13844 "GET /static/reports/vendor/fontawesome/webfonts/fa-solid-900.woff2 HTTP/1.1" 200 150124
WARNING 2026-04-15 12:11:32,517 basehttp 21988 13844 "GET /favicon.ico HTTP/1.1" 404 6915
INFO 2026-04-15 12:11:38,535 basehttp 21988 13844 "GET /report/cji3-formatter/ HTTP/1.1" 200 17227
INFO 2026-04-15 12:12:13,951 basehttp 21988 13844 "POST /report/cji3-formatter/ HTTP/1.1" 200 55209
INFO 2026-04-15 12:12:29,377 basehttp 21988 13844 "GET /download/CJI3_Formatted_20260415_121210.xlsx/ HTTP/1.1" 200 41264
INFO 2026-04-15 12:14:09,034 basehttp 21988 13844 "GET /browse/master-data/ HTTP/1.1" 200 39073
INFO 2026-04-15 12:14:20,470 basehttp 21988 13844 "GET /browse/master-data/?type=company_codes HTTP/1.1" 200 14554
INFO 2026-04-15 12:14:27,270 basehttp 21988 13844 "GET /browse/master-data/?type=project_types HTTP/1.1" 200 16361
INFO 2026-04-15 12:14:33,572 basehttp 21988 13844 "GET /browse/master-data/?type=wbs HTTP/1.1" 200 39256
INFO 2026-04-15 12:18:52,556 autoreload 21988 22016 D:\New-PS-Reports\PS-Reports\Code\reports\views.py changed, reloading.
INFO 2026-04-15 12:18:53,291 autoreload 22752 22756 Watching for file changes with StatReloader
INFO 2026-04-15 12:18:53,528 utils 22752 22756 Note: NumExpr detected 20 cores but "NUMEXPR_MAX_THREADS" not set, so enforcing safe limit of 16.
INFO 2026-04-15 12:18:53,528 utils 22752 22756 NumExpr defaulting to 16 threads.
INFO 2026-04-15 12:19:01,758 autoreload 22752 22756 D:\New-PS-Reports\PS-Reports\Code\reports\views.py changed, reloading.
INFO 2026-04-15 12:19:02,431 autoreload 23040 23044 Watching for file changes with StatReloader
INFO 2026-04-15 12:19:02,656 utils 23040 23044 Note: NumExpr detected 20 cores but "NUMEXPR_MAX_THREADS" not set, so enforcing safe limit of 16.
INFO 2026-04-15 12:19:02,657 utils 23040 23044 NumExpr defaulting to 16 threads.
INFO 2026-04-15 12:21:40,780 basehttp 23040 14640 "GET /browse/master-data/?type=wbs HTTP/1.1" 200 39735
INFO 2026-04-15 12:21:43,272 basehttp 23040 14640 "GET /browse/master-data/?type=document_types HTTP/1.1" 200 26903
INFO 2026-04-15 12:21:51,891 basehttp 23040 14640 "GET /browse/master-data/?type=document_types&page_size=100 HTTP/1.1" 200 27011
INFO 2026-04-15 12:21:58,570 basehttp 23040 14640 "GET /browse/master-data/?type=document_types&page_size=100&page=2 HTTP/1.1" 200 27265
INFO 2026-04-15 12:22:02,606 basehttp 23040 14640 "GET /browse/master-data/?type=document_types&page_size=100&page=4 HTTP/1.1" 200 24268
INFO 2026-04-15 12:22:11,017 basehttp 23040 14640 "GET /browse/master-data/?type=project_types HTTP/1.1" 200 16840
INFO 2026-04-15 12:22:13,468 basehttp 23040 14640 "GET /browse/master-data/?type=company_codes HTTP/1.1" 200 15033
INFO 2026-04-15 12:22:16,449 basehttp 23040 14640 "GET /browse/master-data/?type=wbs HTTP/1.1" 200 39735
INFO 2026-04-15 12:28:22,433 autoreload 23040 23044 D:\New-PS-Reports\PS-Reports\Code\django_project\settings.py changed, reloading.
INFO 2026-04-15 12:28:23,194 autoreload 19968 12560 Watching for file changes with StatReloader
INFO 2026-04-15 12:28:23,491 utils 19968 12560 Note: NumExpr detected 20 cores but "NUMEXPR_MAX_THREADS" not set, so enforcing safe limit of 16.
INFO 2026-04-15 12:28:23,491 utils 19968 12560 NumExpr defaulting to 16 threads.
INFO 2026-04-15 12:29:50,973 basehttp 19968 12688 "GET / HTTP/1.1" 200 20951
INFO 2026-04-15 12:45:59,816 basehttp 19968 23508 "GET / HTTP/1.1" 200 20951
INFO 2026-04-15 12:46:05,871 basehttp 19968 23508 "GET /browse/master-data/ HTTP/1.1" 200 39552
INFO 2026-04-15 12:46:08,668 basehttp 19968 23508 "GET /browse/master-data/?type=document_types HTTP/1.1" 200 26903
INFO 2026-04-15 12:46:17,070 basehttp 19968 23508 "GET /browse/master-data/?type=document_types&page=2 HTTP/1.1" 200 27129
INFO 2026-04-15 12:46:21,935 basehttp 19968 23508 "GET /browse/master-data/?type=document_types&page=3 HTTP/1.1" 200 27159
INFO 2026-04-15 12:46:25,647 basehttp 19968 23508 "GET /browse/master-data/?type=document_types&page=4 HTTP/1.1" 200 24160
INFO 2026-04-15 12:50:58,905 autoreload 21248 21468 Watching for file changes with StatReloader
INFO 2026-04-15 12:50:59,140 utils 21248 21468 Note: NumExpr detected 20 cores but "NUMEXPR_MAX_THREADS" not set, so enforcing safe limit of 16.
INFO 2026-04-15 12:50:59,141 utils 21248 21468 NumExpr defaulting to 16 threads.
INFO 2026-04-15 12:51:02,594 basehttp 21248 22188 "GET / HTTP/1.1" 200 20951
WARNING 2026-04-15 12:51:03,277 basehttp 21248 22188 "GET /favicon.ico HTTP/1.1" 404 6920
INFO 2026-04-15 12:51:10,209 basehttp 21248 22188 "GET /browse/master-data/ HTTP/1.1" 200 39552
INFO 2026-04-15 12:51:12,279 basehttp 21248 22188 "GET /browse/master-data/?type=project_types HTTP/1.1" 200 16840
INFO 2026-04-15 12:51:28,866 basehttp 21248 22188 "GET /browse/master-data/?type=company_codes HTTP/1.1" 200 15033
INFO 2026-04-15 12:51:42,597 basehttp 21248 22188 "GET /browse/master-data/?type=wbs HTTP/1.1" 200 39735
INFO 2026-04-15 12:52:01,039 basehttp 21248 22188 "GET / HTTP/1.1" 200 20951
INFO 2026-04-15 15:09:57,871 utils 9484 9516 Note: NumExpr detected 20 cores but "NUMEXPR_MAX_THREADS" not set, so enforcing safe limit of 16.
INFO 2026-04-15 15:09:57,872 utils 9484 9516 NumExpr defaulting to 16 threads.
INFO 2026-04-15 15:10:06,069 utils 17744 20476 Note: NumExpr detected 20 cores but "NUMEXPR_MAX_THREADS" not set, so enforcing safe limit of 16.
INFO 2026-04-15 15:10:06,070 utils 17744 20476 NumExpr defaulting to 16 threads.
INFO 2026-04-15 15:36:50,478 autoreload 18264 18592 Watching for file changes with StatReloader
INFO 2026-04-15 15:36:51,269 utils 18264 18592 Note: NumExpr detected 20 cores but "NUMEXPR_MAX_THREADS" not set, so enforcing safe limit of 16.
INFO 2026-04-15 15:36:51,270 utils 18264 18592 NumExpr defaulting to 16 threads.
INFO 2026-04-15 15:36:55,358 basehttp 18264 1508 "GET / HTTP/1.1" 200 20951
WARNING 2026-04-15 15:36:56,019 basehttp 18264 1508 "GET /favicon.ico HTTP/1.1" 404 6920
INFO 2026-04-15 15:37:05,031 basehttp 18264 1508 "GET /browse/master-data/ HTTP/1.1" 200 42989
INFO 2026-04-15 15:37:07,975 basehttp 18264 1508 "GET /browse/master-data/?type=project_names HTTP/1.1" 200 26455
INFO 2026-04-15 15:37:28,959 basehttp 18264 14384 "GET / HTTP/1.1" 200 20951
INFO 2026-04-15 15:37:33,876 basehttp 18264 14384 "GET /report/cji3-formatter/ HTTP/1.1" 200 17227
INFO 2026-04-15 15:37:54,304 basehttp 18264 14384 "POST /report/cji3-formatter/ HTTP/1.1" 200 62686
INFO 2026-04-15 15:38:38,650 basehttp 18264 14384 "GET /download/CJI3_Formatted_20260415_153750.xlsx/ HTTP/1.1" 200 44296
INFO 2026-04-18 17:17:16,582 autoreload 8888 43604 Watching for file changes with StatReloader
INFO 2026-04-18 17:17:22,187 utils 8888 43604 Note: NumExpr detected 20 cores but "NUMEXPR_MAX_THREADS" not set, so enforcing safe limit of 16.
INFO 2026-04-18 17:17:22,188 utils 8888 43604 NumExpr defaulting to 16 threads.
INFO 2026-04-18 17:17:27,634 basehttp 8888 40580 "GET / HTTP/1.1" 200 20951
WARNING 2026-04-18 17:17:28,648 basehttp 8888 40580 "GET /favicon.ico HTTP/1.1" 404 6920
INFO 2026-04-18 17:17:47,557 basehttp 8888 40580 "GET /report/cji3-formatter/ HTTP/1.1" 200 17227
INFO 2026-04-18 17:18:35,062 basehttp 8888 40580 "GET /report/glimps-of-projects/ HTTP/1.1" 200 21712
INFO 2026-04-18 17:19:05,956 glimps_of_projects_service 8888 40580 Input file validation passed: D:\New-PS-Reports\PS-Reports\Code\data\uploads\ALL_PROJECT_558.DAT
INFO 2026-04-18 17:19:06,415 basehttp 8888 40580 "POST /report/glimps-of-projects/ HTTP/1.1" 200 30806
INFO 2026-04-18 17:19:41,264 basehttp 8888 40580 "GET /download/CrossTab_Report.xlsx/ HTTP/1.1" 200 7598
INFO 2026-04-18 17:21:23,490 basehttp 8888 40580 "GET / HTTP/1.1" 200 20951
INFO 2026-04-18 17:21:29,389 basehttp 8888 40580 "GET /report/project-analysis/ HTTP/1.1" 200 13886
INFO 2026-04-18 17:21:34,691 basehttp 8888 40580 "GET / HTTP/1.1" 200 20951
INFO 2026-04-18 17:21:41,723 basehttp 8888 40580 "GET /report/budget/ HTTP/1.1" 200 18557
INFO 2026-04-18 17:21:58,180 budget_report_service 8888 40580 Input file validation passed: D:\New-PS-Reports\PS-Reports\Code\data\uploads\TS2_558.DAT
INFO 2026-04-18 17:21:58,185 budget_report_service 8888 40580 Cleaned data written to D:\New-PS-Reports\PS-Reports\Code\data\uploads\cleaned_TS2_558.DAT
INFO 2026-04-18 17:21:58,186 data_processing 8888 40580 Reading DAT file: D:\New-PS-Reports\PS-Reports\Code\data\uploads\cleaned_TS2_558.DAT, encoding: iso-8859-1
INFO 2026-04-18 17:21:58,214 data_processing 8888 40580 Successfully read DAT file: 662 rows, 36 columns
INFO 2026-04-18 17:21:59,652 basehttp 8888 40580 "POST /report/budget/ HTTP/1.1" 200 1077873
INFO 2026-04-18 17:22:08,006 basehttp 8888 40580 "GET /download/TS2_558.xlsx/ HTTP/1.1" 200 107738
INFO 2026-04-18 17:23:55,724 basehttp 8888 40020 "GET /browse/master-data/ HTTP/1.1" 200 42989
INFO 2026-04-18 17:23:58,130 basehttp 8888 40020 "GET /browse/master-data/?type=company_codes HTTP/1.1" 200 15860
INFO 2026-04-18 17:24:04,010 basehttp 8888 40020 "GET /browse/master-data/?type=project_types HTTP/1.1" 200 17899
INFO 2026-04-18 17:24:13,579 basehttp 8888 40020 "GET /browse/master-data/?type=document_types HTTP/1.1" 200 28890
INFO 2026-04-18 17:24:22,303 basehttp 8888 40020 "GET /browse/master-data/?type=document_types&page=4 HTTP/1.1" 200 25799
INFO 2026-04-18 17:26:08,971 basehttp 8888 40020 "GET / HTTP/1.1" 200 20951
INFO 2026-05-12 10:07:39,218 autoreload 7928 19324 Watching for file changes with StatReloader
INFO 2026-05-12 10:07:45,804 basehttp 7928 14000 "GET / HTTP/1.1" 200 20951
INFO 2026-05-12 10:07:45,874 basehttp 7928 8104 "GET /static/reports/css/main.css?v= HTTP/1.1" 200 15688
INFO 2026-05-12 10:07:45,876 basehttp 7928 19064 "GET /static/reports/js/main.js?v= HTTP/1.1" 200 21075
INFO 2026-05-12 10:07:45,876 basehttp 7928 17568 "GET /static/reports/vendor/bootstrap/bootstrap.bundle.min.js HTTP/1.1" 200 80421
INFO 2026-05-12 10:07:45,878 basehttp 7928 12240 "GET /static/reports/vendor/fontawesome/all.min.css HTTP/1.1" 200 101965
INFO 2026-05-12 10:07:45,879 basehttp 7928 14000 "GET /static/reports/vendor/bootstrap/bootstrap.min.css HTTP/1.1" 200 232914
INFO 2026-05-12 10:07:45,969 basehttp 7928 14000 "GET /static/reports/vendor/fontawesome/webfonts/fa-solid-900.woff2 HTTP/1.1" 200 150124
WARNING 2026-05-12 10:07:46,364 basehttp 7928 14000 "GET /favicon.ico HTTP/1.1" 404 6920
INFO 2026-05-12 10:07:57,439 basehttp 7928 14000 "GET /report/project-type-wise/ HTTP/1.1" 200 18652
INFO 2026-05-12 12:13:10,025 project_type_wise_service 7928 18752 Input file validation passed: D:\New-PS-Reports\PS-Reports\Code\data\uploads\All-ProjectIDs.XLSX
INFO 2026-05-12 12:13:11,115 basehttp 7928 18752 "POST /report/project-type-wise/ HTTP/1.1" 200 149853
INFO 2026-05-12 12:13:21,995 basehttp 7928 18752 "GET /download/All-ProjectIDsSummary.xlsx/ HTTP/1.1" 200 109787
INFO 2026-05-12 12:15:03,802 basehttp 7928 18752 "GET / HTTP/1.1" 200 20951
INFO 2026-05-12 12:15:20,835 basehttp 7928 18752 "GET /report/budget/ HTTP/1.1" 200 18557
INFO 2026-05-12 12:15:40,901 budget_report_service 7928 18752 Input file validation passed: D:\New-PS-Reports\PS-Reports\Code\data\uploads\TS2_Z558.DAT
INFO 2026-05-12 12:15:40,904 budget_report_service 7928 18752 Cleaned data written to D:\New-PS-Reports\PS-Reports\Code\data\uploads\cleaned_TS2_Z558.DAT
INFO 2026-05-12 12:15:40,905 data_processing 7928 18752 Reading DAT file: D:\New-PS-Reports\PS-Reports\Code\data\uploads\cleaned_TS2_Z558.DAT, encoding: iso-8859-1
INFO 2026-05-12 12:15:40,952 data_processing 7928 18752 Successfully read DAT file: 672 rows, 66 columns
INFO 2026-05-12 12:15:40,994 basehttp 7928 18752 "POST /report/budget/ HTTP/1.1" 200 19573
INFO 2026-05-12 12:15:57,103 budget_report_service 7928 18752 Input file validation passed: D:\New-PS-Reports\PS-Reports\Code\data\uploads\TS2_558.DAT
INFO 2026-05-12 12:15:57,106 budget_report_service 7928 18752 Cleaned data written to D:\New-PS-Reports\PS-Reports\Code\data\uploads\cleaned_TS2_558.DAT
INFO 2026-05-12 12:15:57,107 data_processing 7928 18752 Reading DAT file: D:\New-PS-Reports\PS-Reports\Code\data\uploads\cleaned_TS2_558.DAT, encoding: iso-8859-1
INFO 2026-05-12 12:15:57,118 data_processing 7928 18752 Successfully read DAT file: 662 rows, 36 columns
INFO 2026-05-12 12:15:57,944 basehttp 7928 18752 "POST /report/budget/ HTTP/1.1" 200 1077873
INFO 2026-05-12 12:16:04,403 basehttp 7928 18752 "GET /download/TS2_558.xlsx/ HTTP/1.1" 200 108457
INFO 2026-05-12 12:16:45,922 basehttp 7928 18752 "GET / HTTP/1.1" 200 20951
